C:/Users/Cuba/Documents/uni/STM32/STM32L432KC/CMSIS/Include/core_cm4.h:1770:22:__NVIC_ClearPendingIRQ	16	static
C:/Users/Cuba/Documents/uni/STM32/STM32L432KC/CMSIS/Include/core_cm4.h:1809:22:__NVIC_SetPriority	16	static
../Peripherals/Src/rcc.c:16:6:rcc_MSI_config	4	static
../Peripherals/Src/rcc.c:93:6:rcc_USART1_for_BR_config	4	static
../Peripherals/Src/rcc.c:171:6:rcc_SysTick_config	16	static
../Peripherals/Src/rcc.c:190:6:rcc_msIncTicks	4	static
../Peripherals/Src/rcc.c:197:10:rcc_msGetTicks	4	static
../Peripherals/Src/rcc.c:204:6:rcc_msDelay	24	static
../Peripherals/Src/rcc.c:214:6:SysTick_Handler	8	static
