Archive member included to satisfy reference by file (symbol)

C:/ST/STM32CubeCLT_1.17.0/GNU-tools-for-STM32/bin/../lib/gcc/arm-none-eabi/12.3.1/../../../../arm-none-eabi/lib/thumb/v7e-m+fp/hard\libc_nano.a(libc_a-exit.o)
                              C:/ST/STM32CubeCLT_1.17.0/GNU-tools-for-STM32/bin/../lib/gcc/arm-none-eabi/12.3.1/../../../../arm-none-eabi/lib/thumb/v7e-m+fp/hard/crt0.o (exit)
C:/ST/STM32CubeCLT_1.17.0/GNU-tools-for-STM32/bin/../lib/gcc/arm-none-eabi/12.3.1/../../../../arm-none-eabi/lib/thumb/v7e-m+fp/hard\libc_nano.a(libc_a-nano-vfprintf_float.o)
                              (_printf_float)
C:/ST/STM32CubeCLT_1.17.0/GNU-tools-for-STM32/bin/../lib/gcc/arm-none-eabi/12.3.1/../../../../arm-none-eabi/lib/thumb/v7e-m+fp/hard\libc_nano.a(libc_a-nano-vfprintf_i.o)
                              C:/ST/STM32CubeCLT_1.17.0/GNU-tools-for-STM32/bin/../lib/gcc/arm-none-eabi/12.3.1/../../../../arm-none-eabi/lib/thumb/v7e-m+fp/hard\libc_nano.a(libc_a-nano-vfprintf_float.o) (_printf_common)
C:/ST/STM32CubeCLT_1.17.0/GNU-tools-for-STM32/bin/../lib/gcc/arm-none-eabi/12.3.1/../../../../arm-none-eabi/lib/thumb/v7e-m+fp/hard\libc_nano.a(libc_a-nano-vfscanf_float.o)
                              (_scanf_float)
C:/ST/STM32CubeCLT_1.17.0/GNU-tools-for-STM32/bin/../lib/gcc/arm-none-eabi/12.3.1/../../../../arm-none-eabi/lib/thumb/v7e-m+fp/hard\libc_nano.a(libc_a-findfp.o)
                              C:/ST/STM32CubeCLT_1.17.0/GNU-tools-for-STM32/bin/../lib/gcc/arm-none-eabi/12.3.1/../../../../arm-none-eabi/lib/thumb/v7e-m+fp/hard\libc_nano.a(libc_a-exit.o) (__stdio_exit_handler)
C:/ST/STM32CubeCLT_1.17.0/GNU-tools-for-STM32/bin/../lib/gcc/arm-none-eabi/12.3.1/../../../../arm-none-eabi/lib/thumb/v7e-m+fp/hard\libc_nano.a(libc_a-fwalk.o)
                              C:/ST/STM32CubeCLT_1.17.0/GNU-tools-for-STM32/bin/../lib/gcc/arm-none-eabi/12.3.1/../../../../arm-none-eabi/lib/thumb/v7e-m+fp/hard\libc_nano.a(libc_a-findfp.o) (_fwalk_sglue)
C:/ST/STM32CubeCLT_1.17.0/GNU-tools-for-STM32/bin/../lib/gcc/arm-none-eabi/12.3.1/../../../../arm-none-eabi/lib/thumb/v7e-m+fp/hard\libc_nano.a(libc_a-sprintf.o)
                              C:/ST/STM32CubeCLT_1.17.0/GNU-tools-for-STM32/bin/../lib/gcc/arm-none-eabi/12.3.1/../../../../arm-none-eabi/lib/thumb/v7e-m+fp/hard\libc_nano.a(libc_a-nano-vfscanf_float.o) (sprintf)
C:/ST/STM32CubeCLT_1.17.0/GNU-tools-for-STM32/bin/../lib/gcc/arm-none-eabi/12.3.1/../../../../arm-none-eabi/lib/thumb/v7e-m+fp/hard\libc_nano.a(libc_a-stdio.o)
                              C:/ST/STM32CubeCLT_1.17.0/GNU-tools-for-STM32/bin/../lib/gcc/arm-none-eabi/12.3.1/../../../../arm-none-eabi/lib/thumb/v7e-m+fp/hard\libc_nano.a(libc_a-findfp.o) (__sread)
C:/ST/STM32CubeCLT_1.17.0/GNU-tools-for-STM32/bin/../lib/gcc/arm-none-eabi/12.3.1/../../../../arm-none-eabi/lib/thumb/v7e-m+fp/hard\libc_nano.a(libc_a-memset.o)
                              C:/ST/STM32CubeCLT_1.17.0/GNU-tools-for-STM32/bin/../lib/gcc/arm-none-eabi/12.3.1/../../../../arm-none-eabi/lib/thumb/v7e-m+fp/hard/crt0.o (memset)
C:/ST/STM32CubeCLT_1.17.0/GNU-tools-for-STM32/bin/../lib/gcc/arm-none-eabi/12.3.1/../../../../arm-none-eabi/lib/thumb/v7e-m+fp/hard\libc_nano.a(libc_a-localeconv.o)
                              C:/ST/STM32CubeCLT_1.17.0/GNU-tools-for-STM32/bin/../lib/gcc/arm-none-eabi/12.3.1/../../../../arm-none-eabi/lib/thumb/v7e-m+fp/hard\libc_nano.a(libc_a-nano-vfprintf_float.o) (_localeconv_r)
C:/ST/STM32CubeCLT_1.17.0/GNU-tools-for-STM32/bin/../lib/gcc/arm-none-eabi/12.3.1/../../../../arm-none-eabi/lib/thumb/v7e-m+fp/hard\libc_nano.a(libc_a-closer.o)
                              C:/ST/STM32CubeCLT_1.17.0/GNU-tools-for-STM32/bin/../lib/gcc/arm-none-eabi/12.3.1/../../../../arm-none-eabi/lib/thumb/v7e-m+fp/hard\libc_nano.a(libc_a-stdio.o) (_close_r)
C:/ST/STM32CubeCLT_1.17.0/GNU-tools-for-STM32/bin/../lib/gcc/arm-none-eabi/12.3.1/../../../../arm-none-eabi/lib/thumb/v7e-m+fp/hard\libc_nano.a(libc_a-reent.o)
                              C:/ST/STM32CubeCLT_1.17.0/GNU-tools-for-STM32/bin/../lib/gcc/arm-none-eabi/12.3.1/../../../../arm-none-eabi/lib/thumb/v7e-m+fp/hard\libc_nano.a(libc_a-closer.o) (errno)
C:/ST/STM32CubeCLT_1.17.0/GNU-tools-for-STM32/bin/../lib/gcc/arm-none-eabi/12.3.1/../../../../arm-none-eabi/lib/thumb/v7e-m+fp/hard\libc_nano.a(libc_a-impure.o)
                              C:/ST/STM32CubeCLT_1.17.0/GNU-tools-for-STM32/bin/../lib/gcc/arm-none-eabi/12.3.1/../../../../arm-none-eabi/lib/thumb/v7e-m+fp/hard\libc_nano.a(libc_a-sprintf.o) (_impure_ptr)
C:/ST/STM32CubeCLT_1.17.0/GNU-tools-for-STM32/bin/../lib/gcc/arm-none-eabi/12.3.1/../../../../arm-none-eabi/lib/thumb/v7e-m+fp/hard\libc_nano.a(libc_a-lseekr.o)
                              C:/ST/STM32CubeCLT_1.17.0/GNU-tools-for-STM32/bin/../lib/gcc/arm-none-eabi/12.3.1/../../../../arm-none-eabi/lib/thumb/v7e-m+fp/hard\libc_nano.a(libc_a-stdio.o) (_lseek_r)
[...]
Memory Configuration

Name             Origin             Length             Attributes
RAM              0x20000000         0x00010000         xrw
SRAM2            0x10000000         0x00004000         xrw
FLASH            0x08000000         0x00040000         xr
*default*        0x00000000         0xffffffff

Linker script and memory map

LOAD C:/ST/STM32CubeCLT_1.17.0/GNU-tools-for-STM32/bin/../lib/gcc/arm-none-eabi/12.3.1/thumb/v7e-m+fp/hard/crti.o
LOAD C:/ST/STM32CubeCLT_1.17.0/GNU-tools-for-STM32/bin/../lib/gcc/arm-none-eabi/12.3.1/thumb/v7e-m+fp/hard/crtbegin.o
LOAD C:/ST/STM32CubeCLT_1.17.0/GNU-tools-for-STM32/bin/../lib/gcc/arm-none-eabi/12.3.1/../../../../arm-none-eabi/lib/thumb/v7e-m+fp/hard/crt0.o
START GROUP
LOAD C:/ST/STM32CubeCLT_1.17.0/GNU-tools-for-STM32/bin/../lib/gcc/arm-none-eabi/12.3.1/../../../../arm-none-eabi/lib/thumb/v7e-m+fp/hard\libc_nano.a
LOAD C:/ST/STM32CubeCLT_1.17.0/GNU-tools-for-STM32/bin/../lib/gcc/arm-none-eabi/12.3.1/../../../../arm-none-eabi/lib/thumb/v7e-m+fp/hard\libm.a
END GROUP
LOAD CMakeFiles/STM32L432KC.dir/Application/SDCard/user_diskio_spi.c.obj
LOAD CMakeFiles/STM32L432KC.dir/Application/Wavelet_Analysis/Src/cwt.c.obj
LOAD CMakeFiles/STM32L432KC.dir/Application/Wavelet_Analysis/Src/scales.c.obj
LOAD CMakeFiles/STM32L432KC.dir/Application/Wavelet_Analysis/Src/signals.c.obj
LOAD CMakeFiles/STM32L432KC.dir/Application/Wavelet_Analysis/Src/wavelet.c.obj
LOAD CMakeFiles/STM32L432KC.dir/Core/Src/Blinking_HW_Delay.c.obj
LOAD CMakeFiles/STM32L432KC.dir/Core/Src/Blinking_TIM_delay.c.obj
LOAD CMakeFiles/STM32L432KC.dir/Core/Src/DANIEL_MANDA_Y.c.obj
LOAD CMakeFiles/STM32L432KC.dir/Core/Src/RX_data_with_interrupts.c.obj
LOAD CMakeFiles/STM32L432KC.dir/Core/Src/SD_writing.c.obj
LOAD CMakeFiles/STM32L432KC.dir/Core/Src/SPI_TX_to_shift_register.c.obj
LOAD CMakeFiles/STM32L432KC.dir/Core/Src/UART_DMA.c.obj
LOAD CMakeFiles/STM32L432KC.dir/Core/Src/UART_echo.c.obj
LOAD CMakeFiles/STM32L432KC.dir/Core/Src/blinking_led.c.obj
LOAD CMakeFiles/STM32L432KC.dir/Core/Src/control_led_brightness.c.obj
LOAD CMakeFiles/STM32L432KC.dir/Core/Src/control_led_with_interrupt.c.obj
LOAD CMakeFiles/STM32L432KC.dir/Core/Src/cwt_probe.c.obj
LOAD CMakeFiles/STM32L432KC.dir/Core/Src/fft_prueba.c.obj
LOAD CMakeFiles/STM32L432KC.dir/Core/Src/frequencymeter.c.obj
LOAD CMakeFiles/STM32L432KC.dir/Core/Src/plotting_with_Arduino_Serial_Plotter.c.obj
LOAD CMakeFiles/STM32L432KC.dir/Core/Src/printf_probe2.c.obj
LOAD CMakeFiles/STM32L432KC.dir/Core/Src/printf_redirect.c.obj
LOAD CMakeFiles/STM32L432KC.dir/Core/Src/probe_f32_TYPE.c.obj
LOAD CMakeFiles/STM32L432KC.dir/Core/Src/rgb_led_ADC_DMA_PWM_control.c.obj
LOAD CMakeFiles/STM32L432KC.dir/Core/Src/sysmem.c.obj
LOAD CMakeFiles/STM32L432KC.dir/Core/Src/system_stm32l4xx.c.obj
LOAD CMakeFiles/STM32L432KC.dir/Middleware/FatFs/diskio.c.obj
LOAD CMakeFiles/STM32L432KC.dir/Middleware/FatFs/ff.c.obj
LOAD CMakeFiles/STM32L432KC.dir/Middleware/FatFs/ffsystem.c.obj
LOAD CMakeFiles/STM32L432KC.dir/Middleware/FatFs/ffunicode.c.obj
LOAD CMakeFiles/STM32L432KC.dir/Peripherals/Src/adc.c.obj
LOAD CMakeFiles/STM32L432KC.dir/Peripherals/Src/exti.c.obj
LOAD CMakeFiles/STM32L432KC.dir/Peripherals/Src/gpio.c.obj
LOAD CMakeFiles/STM32L432KC.dir/Peripherals/Src/rcc.c.obj
LOAD CMakeFiles/STM32L432KC.dir/Peripherals/Src/spi.c.obj
LOAD CMakeFiles/STM32L432KC.dir/Peripherals/Src/tim.c.obj
LOAD CMakeFiles/STM32L432KC.dir/Peripherals/Src/uart.c.obj
LOAD CMakeFiles/STM32L432KC.dir/Startup/startup_stm32l432kcux.s.obj
START GROUP
LOAD C:/ST/STM32CubeCLT_1.17.0/GNU-tools-for-STM32/bin/../lib/gcc/arm-none-eabi/12.3.1/thumb/v7e-m+fp/hard\libgcc.a
LOAD C:/ST/STM32CubeCLT_1.17.0/GNU-tools-for-STM32/bin/../lib/gcc/arm-none-eabi/12.3.1/../../../../arm-none-eabi/lib/thumb/v7e-m+fp/hard\libc_nano.a
LOAD C:/ST/STM32CubeCLT_1.17.0/GNU-tools-for-STM32/bin/../lib/gcc/arm-none-eabi/12.3.1/../../../../arm-none-eabi/lib/thumb/v7e-m+fp/hard\libm.a
LOAD C:/ST/STM32CubeCLT_1.17.0/GNU-tools-for-STM32/bin/../lib/gcc/arm-none-eabi/12.3.1/../../../../arm-none-eabi/lib/thumb/v7e-m+fp/hard\librdimon_nano.a
END GROUP
LOAD C:/Users/Cuba/Documents/uni/STM32/CMSIS-DSP/build/bin_dsp\libCMSISDSP.a
START GROUP
LOAD C:/ST/STM32CubeCLT_1.17.0/GNU-tools-for-STM32/bin/../lib/gcc/arm-none-eabi/12.3.1/thumb/v7e-m+fp/hard\libgcc.a
LOAD C:/ST/STM32CubeCLT_1.17.0/GNU-tools-for-STM32/bin/../lib/gcc/arm-none-eabi/12.3.1/../../../../arm-none-eabi/lib/thumb/v7e-m+fp/hard\libg_nano.a
LOAD C:/ST/STM32CubeCLT_1.17.0/GNU-tools-for-STM32/bin/../lib/gcc/arm-none-eabi/12.3.1/../../../../arm-none-eabi/lib/thumb/v7e-m+fp/hard\libc_nano.a
END GROUP
START GROUP
LOAD C:/ST/STM32CubeCLT_1.17.0/GNU-tools-for-STM32/bin/../lib/gcc/arm-none-eabi/12.3.1/thumb/v7e-m+fp/hard\libgcc.a
LOAD C:/ST/STM32CubeCLT_1.17.0/GNU-tools-for-STM32/bin/../lib/gcc/arm-none-eabi/12.3.1/../../../../arm-none-eabi/lib/thumb/v7e-m+fp/hard\libc_nano.a
LOAD C:/ST/STM32CubeCLT_1.17.0/GNU-tools-for-STM32/bin/../lib/gcc/arm-none-eabi/12.3.1/../../../../arm-none-eabi/lib/thumb/v7e-m+fp/hard\libnosys.a
END GROUP
START GROUP
LOAD C:/ST/STM32CubeCLT_1.17.0/GNU-tools-for-STM32/bin/../lib/gcc/arm-none-eabi/12.3.1/thumb/v7e-m+fp/hard\libgcc.a
LOAD C:/ST/STM32CubeCLT_1.17.0/GNU-tools-for-STM32/bin/../lib/gcc/arm-none-eabi/12.3.1/../../../../arm-none-eabi/lib/thumb/v7e-m+fp/hard\libc_nano.a
LOAD C:/ST/STM32CubeCLT_1.17.0/GNU-tools-for-STM32/bin/../lib/gcc/arm-none-eabi/12.3.1/../../../../arm-none-eabi/lib/thumb/v7e-m+fp/hard\libnosys.a
END GROUP
LOAD C:/ST/STM32CubeCLT_1.17.0/GNU-tools-for-STM32/bin/../lib/gcc/arm-none-eabi/12.3.1/thumb/v7e-m+fp/hard/crtend.o
LOAD C:/ST/STM32CubeCLT_1.17.0/GNU-tools-for-STM32/bin/../lib/gcc/arm-none-eabi/12.3.1/thumb/v7e-m+fp/hard/crtn.o
                0x20010000                        _estack = (ORIGIN (RAM) + LENGTH (RAM))
                0x00000200                        _Min_Heap_Size = 0x200
                0x00000400                        _Min_Stack_Size = 0x400

.isr_vector     0x08000000      0x18c
                0x08000000                        . = ALIGN (0x4)
 *(.isr_vector)
 .isr_vector    0x08000000      0x18c CMakeFiles/STM32L432KC.dir/Startup/startup_stm32l432kcux.s.obj
                0x08000000                g_pfnVectors
                0x0800018c                        . = ALIGN (0x4)

.text           0x08000190     0x8a6c
                0x08000190                        . = ALIGN (0x4)
 *(.text)
 .text          0x08000190       0x40 C:/ST/STM32CubeCLT_1.17.0/GNU-tools-for-STM32/bin/../lib/gcc/arm-none-eabi/12.3.1/thumb/v7e-m+fp/hard/crtbegin.o
 .text          0x080001d0       0xa0 C:/ST/STM32CubeCLT_1.17.0/GNU-tools-for-STM32/bin/../lib/gcc/arm-none-eabi/12.3.1/../../../../arm-none-eabi/lib/thumb/v7e-m+fp/hard\libc_nano.a(libc_a-memchr.o)
                0x080001d0                memchr
 .text          0x08000270       0x10 C:/ST/STM32CubeCLT_1.17.0/GNU-tools-for-STM32/bin/../lib/gcc/arm-none-eabi/12.3.1/../../../../arm-none-eabi/lib/thumb/v7e-m+fp/hard\libc_nano.a(libc_a-strlen.o)
                0x08000270                strlen
 .text          0x08000280      0x378 C:/ST/STM32CubeCLT_1.17.0/GNU-tools-for-STM32/bin/../lib/gcc/arm-none-eabi/12.3.1/thumb/v7e-m+fp/hard\libgcc.a(_arm_addsubdf3.o)
                0x08000280                __aeabi_drsub
                0x08000288                __aeabi_dsub
                0x08000288                __subdf3
                0x0800028c                __aeabi_dadd
                0x0800028c                __adddf3
                0x08000504                __floatunsidf
                0x08000504                __aeabi_ui2d
                0x08000524                __floatsidf
                0x08000524                __aeabi_i2d
                0x08000548                __aeabi_f2d
                0x08000548                __extendsfdf2
                0x0800058c                __floatundidf
                0x0800058c                __aeabi_ul2d
                0x0800059c                __floatdidf
                0x0800059c                __aeabi_l2d
 .text          0x080005f8      0x424 C:/ST/STM32CubeCLT_1.17.0/GNU-tools-for-STM32/bin/../lib/gcc/arm-none-eabi/12.3.1/thumb/v7e-m+fp/hard\libgcc.a(_arm_muldivdf3.o)
                0x080005f8                __aeabi_dmul
                0x080005f8                __muldf3
                0x0800084c                __divdf3
                0x0800084c                __aeabi_ddiv
 .text          0x08000a1c      0x110 C:/ST/STM32CubeCLT_1.17.0/GNU-tools-for-STM32/bin/../lib/gcc/arm-none-eabi/12.3.1/thumb/v7e-m+fp/hard\libgcc.a(_arm_cmpdf2.o)
                0x08000a1c                __gtdf2
                0x08000a1c                __gedf2
                0x08000a24                __ltdf2
                0x08000a24                __ledf2
                0x08000a2c                __nedf2
                0x08000a2c                __eqdf2
                0x08000a2c                __cmpdf2
                0x08000aa8                __aeabi_cdrcmple
                0x08000ab8                __aeabi_cdcmpeq
                0x08000ab8                __aeabi_cdcmple
                0x08000ac8                __aeabi_dcmpeq
                0x08000adc                __aeabi_dcmplt
                0x08000af0                __aeabi_dcmple
                0x08000b04                __aeabi_dcmpge
                0x08000b18                __aeabi_dcmpgt
 .text          0x08000b2c       0x2c C:/ST/STM32CubeCLT_1.17.0/GNU-tools-for-STM32/bin/../lib/gcc/arm-none-eabi/12.3.1/thumb/v7e-m+fp/hard\libgcc.a(_arm_unorddf2.o)
                0x08000b2c                __unorddf2
                0x08000b2c                __aeabi_dcmpun
 .text          0x08000b58       0x50 C:/ST/STM32CubeCLT_1.17.0/GNU-tools-for-STM32/bin/../lib/gcc/arm-none-eabi/12.3.1/thumb/v7e-m+fp/hard\libgcc.a(_arm_fixdfsi.o)
                0x08000b58                __aeabi_d2iz
                0x08000b58                __fixdfsi
 .text          0x08000ba8       0x40 C:/ST/STM32CubeCLT_1.17.0/GNU-tools-for-STM32/bin/../lib/gcc/arm-none-eabi/12.3.1/thumb/v7e-m+fp/hard\libgcc.a(_arm_fixunsdfsi.o)
                0x08000ba8                __aeabi_d2uiz
                0x08000ba8                __fixunsdfsi
 .text          0x08000be8       0xa0 C:/ST/STM32CubeCLT_1.17.0/GNU-tools-for-STM32/bin/../lib/gcc/arm-none-eabi/12.3.1/thumb/v7e-m+fp/hard\libgcc.a(_arm_truncdfsf2.o)
                0x08000be8                __truncdfsf2
                0x08000be8                __aeabi_d2f
 .text          0x08000c88       0x30 C:/ST/STM32CubeCLT_1.17.0/GNU-tools-for-STM32/bin/../lib/gcc/arm-none-eabi/12.3.1/thumb/v7e-m+fp/hard\libgcc.a(_fixdfdi.o)
                0x08000c88                __fixdfdi
                0x08000c88                __aeabi_d2lz
 .text          0x08000cb8       0x3c C:/ST/STM32CubeCLT_1.17.0/GNU-tools-for-STM32/bin/../lib/gcc/arm-none-eabi/12.3.1/thumb/v7e-m+fp/hard\libgcc.a(_fixunsdfdi.o)
                0x08000cb8                __fixunsdfdi
                0x08000cb8                __aeabi_d2ulz
 *(.text*)
 .text.__cvt    0x08000cf4       0xca C:/ST/STM32CubeCLT_1.17.0/GNU-tools-for-STM32/bin/../lib/gcc/arm-none-eabi/12.3.1/../../../../arm-none-eabi/lib/thumb/v7e-m+fp/hard\libc_nano.a(libc_a-nano-vfprintf_float.o)
                0x08000cf4                __cvt
 .text.__exponent
                0x08000dbe       0x74 C:/ST/STM32CubeCLT_1.17.0/GNU-tools-for-STM32/bin/../lib/gcc/arm-none-eabi/12.3.1/../../../../arm-none-eabi/lib/thumb/v7e-m+fp/hard\libc_nano.a(libc_a-nano-vfprintf_float.o)
                0x08000dbe                __exponent
 *fill*         0x08000e32        0x2 
 .text._printf_float
                0x08000e34      0x454 C:/ST/STM32CubeCLT_1.17.0/GNU-tools-for-STM32/bin/../lib/gcc/arm-none-eabi/12.3.1/../../../../arm-none-eabi/lib/thumb/v7e-m+fp/hard\libc_nano.a(libc_a-nano-vfprintf_float.o)
                0x08000e34                _printf_float
 .text._printf_common
                0x08001288       0xda C:/ST/STM32CubeCLT_1.17.0/GNU-tools-for-STM32/bin/../lib/gcc/arm-none-eabi/12.3.1/../../../../arm-none-eabi/lib/thumb/v7e-m+fp/hard\libc_nano.a(libc_a-nano-vfprintf_i.o)
                0x08001288                _printf_common
 *fill*         0x08001362        0x2 
 .text._printf_i
                0x08001364      0x240 C:/ST/STM32CubeCLT_1.17.0/GNU-tools-for-STM32/bin/../lib/gcc/arm-none-eabi/12.3.1/../../../../arm-none-eabi/lib/thumb/v7e-m+fp/hard\libc_nano.a(libc_a-nano-vfprintf_i.o)
                0x08001364                _printf_i
 .text._scanf_float
                0x080015a4      0x428 C:/ST/STM32CubeCLT_1.17.0/GNU-tools-for-STM32/bin/../lib/gcc/arm-none-eabi/12.3.1/../../../../arm-none-eabi/lib/thumb/v7e-m+fp/hard\libc_nano.a(libc_a-nano-vfscanf_float.o)
                0x080015a4                _scanf_float
 .text.std      0x080019cc       0x6c C:/ST/STM32CubeCLT_1.17.0/GNU-tools-for-STM32/bin/../lib/gcc/arm-none-eabi/12.3.1/../../../../arm-none-eabi/lib/thumb/v7e-m+fp/hard\libc_nano.a(libc_a-findfp.o)
 .text.stdio_exit_handler
                0x08001a38       0x18 C:/ST/STM32CubeCLT_1.17.0/GNU-tools-for-STM32/bin/../lib/gcc/arm-none-eabi/12.3.1/../../../../arm-none-eabi/lib/thumb/v7e-m+fp/hard\libc_nano.a(libc_a-findfp.o)
 .text.cleanup_stdio
                0x08001a50       0x40 C:/ST/STM32CubeCLT_1.17.0/GNU-tools-for-STM32/bin/../lib/gcc/arm-none-eabi/12.3.1/../../../../arm-none-eabi/lib/thumb/v7e-m+fp/hard\libc_nano.a(libc_a-findfp.o)
 .text.global_stdio_init.part.0
                0x08001a90       0x3c C:/ST/STM32CubeCLT_1.17.0/GNU-tools-for-STM32/bin/../lib/gcc/arm-none-eabi/12.3.1/../../../../arm-none-eabi/lib/thumb/v7e-m+fp/hard\libc_nano.a(libc_a-findfp.o)
 .text.__sfp_lock_acquire
                0x08001acc        0xc C:/ST/STM32CubeCLT_1.17.0/GNU-tools-for-STM32/bin/../lib/gcc/arm-none-eabi/12.3.1/../../../../arm-none-eabi/lib/thumb/v7e-m+fp/hard\libc_nano.a(libc_a-findfp.o)
                0x08001acc                __sfp_lock_acquire
 .text.__sfp_lock_release
                0x08001ad8        0xc C:/ST/STM32CubeCLT_1.17.0/GNU-tools-for-STM32/bin/../lib/gcc/arm-none-eabi/12.3.1/../../../../arm-none-eabi/lib/thumb/v7e-m+fp/hard\libc_nano.a(libc_a-findfp.o)
                0x08001ad8                __sfp_lock_release
 .text.__sinit  0x08001ae4       0x30 C:/ST/STM32CubeCLT_1.17.0/GNU-tools-for-STM32/bin/../lib/gcc/arm-none-eabi/12.3.1/../../../../arm-none-eabi/lib/thumb/v7e-m+fp/hard\libc_nano.a(libc_a-findfp.o)
                0x08001ae4                __sinit
 .text._fwalk_sglue
                0x08001b14       0x3c C:/ST/STM32CubeCLT_1.17.0/GNU-tools-for-STM32/bin/../lib/gcc/arm-none-eabi/12.3.1/../../../../arm-none-eabi/lib/thumb/v7e-m+fp/hard\libc_nano.a(libc_a-fwalk.o)
                0x08001b14                _fwalk_sglue
 .text.sprintf  0x08001b50       0x40 C:/ST/STM32CubeCLT_1.17.0/GNU-tools-for-STM32/bin/../lib/gcc/arm-none-eabi/12.3.1/../../../../arm-none-eabi/lib/thumb/v7e-m+fp/hard\libc_nano.a(libc_a-sprintf.o)
                0x08001b50                siprintf
                0x08001b50                sprintf
 .text.__sread  0x08001b90       0x22 C:/ST/STM32CubeCLT_1.17.0/GNU-tools-for-STM32/bin/../lib/gcc/arm-none-eabi/12.3.1/../../../../arm-none-eabi/lib/thumb/v7e-m+fp/hard\libc_nano.a(libc_a-stdio.o)
                0x08001b90                __sread
 .text.__swrite
                0x08001bb2       0x38 C:/ST/STM32CubeCLT_1.17.0/GNU-tools-for-STM32/bin/../lib/gcc/arm-none-eabi/12.3.1/../../../../arm-none-eabi/lib/thumb/v7e-m+fp/hard\libc_nano.a(libc_a-stdio.o)
                0x08001bb2                __swrite
 .text.__sseek  0x08001bea       0x24 C:/ST/STM32CubeCLT_1.17.0/GNU-tools-for-STM32/bin/../lib/gcc/arm-none-eabi/12.3.1/../../../../arm-none-eabi/lib/thumb/v7e-m+fp/hard\libc_nano.a(libc_a-stdio.o)
                0x08001bea                __sseek
 .text.__sclose
                0x08001c0e        0x8 C:/ST/STM32CubeCLT_1.17.0/GNU-tools-for-STM32/bin/../lib/gcc/arm-none-eabi/12.3.1/../../../../arm-none-eabi/lib/thumb/v7e-m+fp/hard\libc_nano.a(libc_a-stdio.o)
                0x08001c0e                __sclose
 .text.memset   0x08001c16       0x10 C:/ST/STM32CubeCLT_1.17.0/GNU-tools-for-STM32/bin/../lib/gcc/arm-none-eabi/12.3.1/../../../../arm-none-eabi/lib/thumb/v7e-m+fp/hard\libc_nano.a(libc_a-memset.o)
                0x08001c16                memset
 *fill*         0x08001c26        0x2 
 .text._localeconv_r
                0x08001c28        0x8 C:/ST/STM32CubeCLT_1.17.0/GNU-tools-for-STM32/bin/../lib/gcc/arm-none-eabi/12.3.1/../../../../arm-none-eabi/lib/thumb/v7e-m+fp/hard\libc_nano.a(libc_a-localeconv.o)
                0x08001c28                _localeconv_r
 .text._close_r
                0x08001c30       0x20 C:/ST/STM32CubeCLT_1.17.0/GNU-tools-for-STM32/bin/../lib/gcc/arm-none-eabi/12.3.1/../../../../arm-none-eabi/lib/thumb/v7e-m+fp/hard\libc_nano.a(libc_a-closer.o)
                0x08001c30                _close_r
 .text._lseek_r
                0x08001c50       0x24 C:/ST/STM32CubeCLT_1.17.0/GNU-tools-for-STM32/bin/../lib/gcc/arm-none-eabi/12.3.1/../../../../arm-none-eabi/lib/thumb/v7e-m+fp/hard\libc_nano.a(libc_a-lseekr.o)
                0x08001c50                _lseek_r
 .text._read_r  0x08001c74       0x24 C:/ST/STM32CubeCLT_1.17.0/GNU-tools-for-STM32/bin/../lib/gcc/arm-none-eabi/12.3.1/../../../../arm-none-eabi/lib/thumb/v7e-m+fp/hard\libc_nano.a(libc_a-readr.o)
                0x08001c74                _read_r
 .text._write_r
                0x08001c98       0x24 C:/ST/STM32CubeCLT_1.17.0/GNU-tools-for-STM32/bin/../lib/gcc/arm-none-eabi/12.3.1/../../../../arm-none-eabi/lib/thumb/v7e-m+fp/hard\libc_nano.a(libc_a-writer.o)
                0x08001c98                _write_r
 .text.__libc_init_array
                0x08001cbc       0x48 C:/ST/STM32CubeCLT_1.17.0/GNU-tools-for-STM32/bin/../lib/gcc/arm-none-eabi/12.3.1/../../../../arm-none-eabi/lib/thumb/v7e-m+fp/hard\libc_nano.a(libc_a-init.o)
                0x08001cbc                __libc_init_array
 .text.__retarget_lock_init_recursive
                0x08001d04        0x2 C:/ST/STM32CubeCLT_1.17.0/GNU-tools-for-STM32/bin/../lib/gcc/arm-none-eabi/12.3.1/../../../../arm-none-eabi/lib/thumb/v7e-m+fp/hard\libc_nano.a(libc_a-lock.o)
                0x08001d04                __retarget_lock_init_recursive
 .text.__retarget_lock_acquire_recursive
                0x08001d06        0x2 C:/ST/STM32CubeCLT_1.17.0/GNU-tools-for-STM32/bin/../lib/gcc/arm-none-eabi/12.3.1/../../../../arm-none-eabi/lib/thumb/v7e-m+fp/hard\libc_nano.a(libc_a-lock.o)
                0x08001d06                __retarget_lock_acquire_recursive
 .text.__retarget_lock_release_recursive
                0x08001d08        0x2 C:/ST/STM32CubeCLT_1.17.0/GNU-tools-for-STM32/bin/../lib/gcc/arm-none-eabi/12.3.1/../../../../arm-none-eabi/lib/thumb/v7e-m+fp/hard\libc_nano.a(libc_a-lock.o)
                0x08001d08                __retarget_lock_release_recursive
 *fill*         0x08001d0a        0x2 
 .text.nanf     0x08001d0c        0xc C:/ST/STM32CubeCLT_1.17.0/GNU-tools-for-STM32/bin/../lib/gcc/arm-none-eabi/12.3.1/../../../../arm-none-eabi/lib/thumb/v7e-m+fp/hard\libc_nano.a(libm_a-sf_nan.o)
                0x08001d0c                nanf
 .text.quorem   0x08001d18      0x110 C:/ST/STM32CubeCLT_1.17.0/GNU-tools-for-STM32/bin/../lib/gcc/arm-none-eabi/12.3.1/../../../../arm-none-eabi/lib/thumb/v7e-m+fp/hard\libc_nano.a(libc_a-dtoa.o)
 .text._dtoa_r  0x08001e28      0xb88 C:/ST/STM32CubeCLT_1.17.0/GNU-tools-for-STM32/bin/../lib/gcc/arm-none-eabi/12.3.1/../../../../arm-none-eabi/lib/thumb/v7e-m+fp/hard\libc_nano.a(libc_a-dtoa.o)
                0x08001e28                _dtoa_r
 .text._free_r  0x080029b0       0x94 C:/ST/STM32CubeCLT_1.17.0/GNU-tools-for-STM32/bin/../lib/gcc/arm-none-eabi/12.3.1/../../../../arm-none-eabi/lib/thumb/v7e-m+fp/hard\libc_nano.a(libc_a-freer.o)
                0x080029b0                _free_r
 .text.malloc   0x08002a44       0x10 C:/ST/STM32CubeCLT_1.17.0/GNU-tools-for-STM32/bin/../lib/gcc/arm-none-eabi/12.3.1/../../../../arm-none-eabi/lib/thumb/v7e-m+fp/hard\libc_nano.a(libc_a-malloc.o)
                0x08002a44                malloc
 .text.free     0x08002a54       0x10 C:/ST/STM32CubeCLT_1.17.0/GNU-tools-for-STM32/bin/../lib/gcc/arm-none-eabi/12.3.1/../../../../arm-none-eabi/lib/thumb/v7e-m+fp/hard\libc_nano.a(libc_a-malloc.o)
                0x08002a54                free
 .text.sbrk_aligned
                0x08002a64       0x44 C:/ST/STM32CubeCLT_1.17.0/GNU-tools-for-STM32/bin/../lib/gcc/arm-none-eabi/12.3.1/../../../../arm-none-eabi/lib/thumb/v7e-m+fp/hard\libc_nano.a(libc_a-mallocr.o)
 .text._malloc_r
                0x08002aa8      0x100 C:/ST/STM32CubeCLT_1.17.0/GNU-tools-for-STM32/bin/../lib/gcc/arm-none-eabi/12.3.1/../../../../arm-none-eabi/lib/thumb/v7e-m+fp/hard\libc_nano.a(libc_a-mallocr.o)
                0x08002aa8                _malloc_r
 .text.__malloc_lock
                0x08002ba8        0xc C:/ST/STM32CubeCLT_1.17.0/GNU-tools-for-STM32/bin/../lib/gcc/arm-none-eabi/12.3.1/../../../../arm-none-eabi/lib/thumb/v7e-m+fp/hard\libc_nano.a(libc_a-mlock.o)
                0x08002ba8                __malloc_lock
 .text.__malloc_unlock
                0x08002bb4        0xc C:/ST/STM32CubeCLT_1.17.0/GNU-tools-for-STM32/bin/../lib/gcc/arm-none-eabi/12.3.1/../../../../arm-none-eabi/lib/thumb/v7e-m+fp/hard\libc_nano.a(libc_a-mlock.o)
                0x08002bb4                __malloc_unlock
 .text._Balloc  0x08002bc0       0x80 C:/ST/STM32CubeCLT_1.17.0/GNU-tools-for-STM32/bin/../lib/gcc/arm-none-eabi/12.3.1/../../../../arm-none-eabi/lib/thumb/v7e-m+fp/hard\libc_nano.a(libc_a-mprec.o)
                0x08002bc0                _Balloc
 .text._Bfree   0x08002c40       0x44 C:/ST/STM32CubeCLT_1.17.0/GNU-tools-for-STM32/bin/../lib/gcc/arm-none-eabi/12.3.1/../../../../arm-none-eabi/lib/thumb/v7e-m+fp/hard\libc_nano.a(libc_a-mprec.o)
                0x08002c40                _Bfree
 .text.__multadd
                0x08002c84       0x8c C:/ST/STM32CubeCLT_1.17.0/GNU-tools-for-STM32/bin/../lib/gcc/arm-none-eabi/12.3.1/../../../../arm-none-eabi/lib/thumb/v7e-m+fp/hard\libc_nano.a(libc_a-mprec.o)
                0x08002c84                __multadd
 .text.__s2b    0x08002d10       0x94 C:/ST/STM32CubeCLT_1.17.0/GNU-tools-for-STM32/bin/../lib/gcc/arm-none-eabi/12.3.1/../../../../arm-none-eabi/lib/thumb/v7e-m+fp/hard\libc_nano.a(libc_a-mprec.o)
                0x08002d10                __s2b
 .text.__hi0bits
                0x08002da4       0x3e C:/ST/STM32CubeCLT_1.17.0/GNU-tools-for-STM32/bin/../lib/gcc/arm-none-eabi/12.3.1/../../../../arm-none-eabi/lib/thumb/v7e-m+fp/hard\libc_nano.a(libc_a-mprec.o)
                0x08002da4                __hi0bits
 .text.__lo0bits
                0x08002de2       0x5a C:/ST/STM32CubeCLT_1.17.0/GNU-tools-for-STM32/bin/../lib/gcc/arm-none-eabi/12.3.1/../../../../arm-none-eabi/lib/thumb/v7e-m+fp/hard\libc_nano.a(libc_a-mprec.o)
                0x08002de2                __lo0bits
 .text.__i2b    0x08002e3c       0x2c C:/ST/STM32CubeCLT_1.17.0/GNU-tools-for-STM32/bin/../lib/gcc/arm-none-eabi/12.3.1/../../../../arm-none-eabi/lib/thumb/v7e-m+fp/hard\libc_nano.a(libc_a-mprec.o)
                0x08002e3c                __i2b
 .text.__multiply
                0x08002e68      0x154 C:/ST/STM32CubeCLT_1.17.0/GNU-tools-for-STM32/bin/../lib/gcc/arm-none-eabi/12.3.1/../../../../arm-none-eabi/lib/thumb/v7e-m+fp/hard\libc_nano.a(libc_a-mprec.o)
                0x08002e68                __multiply
 .text.__pow5mult
                0x08002fbc       0xb4 C:/ST/STM32CubeCLT_1.17.0/GNU-tools-for-STM32/bin/../lib/gcc/arm-none-eabi/12.3.1/../../../../arm-none-eabi/lib/thumb/v7e-m+fp/hard\libc_nano.a(libc_a-mprec.o)
                0x08002fbc                __pow5mult
 .text.__lshift
                0x08003070       0xd8 C:/ST/STM32CubeCLT_1.17.0/GNU-tools-for-STM32/bin/../lib/gcc/arm-none-eabi/12.3.1/../../../../arm-none-eabi/lib/thumb/v7e-m+fp/hard\libc_nano.a(libc_a-mprec.o)
                0x08003070                __lshift
 .text.__mcmp   0x08003148       0x36 C:/ST/STM32CubeCLT_1.17.0/GNU-tools-for-STM32/bin/../lib/gcc/arm-none-eabi/12.3.1/../../../../arm-none-eabi/lib/thumb/v7e-m+fp/hard\libc_nano.a(libc_a-mprec.o)
                0x08003148                __mcmp
 *fill*         0x0800317e        0x2 
 .text.__mdiff  0x08003180      0x128 C:/ST/STM32CubeCLT_1.17.0/GNU-tools-for-STM32/bin/../lib/gcc/arm-none-eabi/12.3.1/../../../../arm-none-eabi/lib/thumb/v7e-m+fp/hard\libc_nano.a(libc_a-mprec.o)
                0x08003180                __mdiff
 .text.__ulp    0x080032a8       0x4c C:/ST/STM32CubeCLT_1.17.0/GNU-tools-for-STM32/bin/../lib/gcc/arm-none-eabi/12.3.1/../../../../arm-none-eabi/lib/thumb/v7e-m+fp/hard\libc_nano.a(libc_a-mprec.o)
                0x080032a8                __ulp
 .text.__b2d    0x080032f4       0x94 C:/ST/STM32CubeCLT_1.17.0/GNU-tools-for-STM32/bin/../lib/gcc/arm-none-eabi/12.3.1/../../../../arm-none-eabi/lib/thumb/v7e-m+fp/hard\libc_nano.a(libc_a-mprec.o)
                0x080032f4                __b2d
 .text.__d2b    0x08003388       0xb0 C:/ST/STM32CubeCLT_1.17.0/GNU-tools-for-STM32/bin/../lib/gcc/arm-none-eabi/12.3.1/../../../../arm-none-eabi/lib/thumb/v7e-m+fp/hard\libc_nano.a(libc_a-mprec.o)
                0x08003388                __d2b
 .text.__ratio  0x08003438       0x64 C:/ST/STM32CubeCLT_1.17.0/GNU-tools-for-STM32/bin/../lib/gcc/arm-none-eabi/12.3.1/../../../../arm-none-eabi/lib/thumb/v7e-m+fp/hard\libc_nano.a(libc_a-mprec.o)
                0x08003438                __ratio
 .text.__copybits
                0x0800349c       0x46 C:/ST/STM32CubeCLT_1.17.0/GNU-tools-for-STM32/bin/../lib/gcc/arm-none-eabi/12.3.1/../../../../arm-none-eabi/lib/thumb/v7e-m+fp/hard\libc_nano.a(libc_a-mprec.o)
                0x0800349c                __copybits
 .text.__any_on
                0x080034e2       0x42 C:/ST/STM32CubeCLT_1.17.0/GNU-tools-for-STM32/bin/../lib/gcc/arm-none-eabi/12.3.1/../../../../arm-none-eabi/lib/thumb/v7e-m+fp/hard\libc_nano.a(libc_a-mprec.o)
                0x080034e2                __any_on
 .text.sulp     0x08003524       0x3c C:/ST/STM32CubeCLT_1.17.0/GNU-tools-for-STM32/bin/../lib/gcc/arm-none-eabi/12.3.1/../../../../arm-none-eabi/lib/thumb/v7e-m+fp/hard\libc_nano.a(libc_a-strtod.o)
 .text._strtod_l
                0x08003560      0xbc8 C:/ST/STM32CubeCLT_1.17.0/GNU-tools-for-STM32/bin/../lib/gcc/arm-none-eabi/12.3.1/../../../../arm-none-eabi/lib/thumb/v7e-m+fp/hard\libc_nano.a(libc_a-strtod.o)
                0x08003560                _strtod_l
 .text._strtod_r
                0x08004128        0xc C:/ST/STM32CubeCLT_1.17.0/GNU-tools-for-STM32/bin/../lib/gcc/arm-none-eabi/12.3.1/../../../../arm-none-eabi/lib/thumb/v7e-m+fp/hard\libc_nano.a(libc_a-strtod.o)
                0x08004128                _strtod_r
 .text._strtol_l.constprop.0
                0x08004134       0xf4 C:/ST/STM32CubeCLT_1.17.0/GNU-tools-for-STM32/bin/../lib/gcc/arm-none-eabi/12.3.1/../../../../arm-none-eabi/lib/thumb/v7e-m+fp/hard\libc_nano.a(libc_a-strtol.o)
 .text._strtol_r
                0x08004228        0x4 C:/ST/STM32CubeCLT_1.17.0/GNU-tools-for-STM32/bin/../lib/gcc/arm-none-eabi/12.3.1/../../../../arm-none-eabi/lib/thumb/v7e-m+fp/hard\libc_nano.a(libc_a-strtol.o)
                0x08004228                _strtol_r
 .text.__ssputs_r
                0x0800422c       0xb6 C:/ST/STM32CubeCLT_1.17.0/GNU-tools-for-STM32/bin/../lib/gcc/arm-none-eabi/12.3.1/../../../../arm-none-eabi/lib/thumb/v7e-m+fp/hard\libc_nano.a(libc_a-nano-svfprintf.o)
                0x0800422c                __ssputs_r
 *fill*         0x080042e2        0x2 
 .text._svfprintf_r
                0x080042e4      0x1f8 C:/ST/STM32CubeCLT_1.17.0/GNU-tools-for-STM32/bin/../lib/gcc/arm-none-eabi/12.3.1/../../../../arm-none-eabi/lib/thumb/v7e-m+fp/hard\libc_nano.a(libc_a-nano-svfprintf.o)
                0x080042e4                _svfiprintf_r
                0x080042e4                _svfprintf_r
 .text.__sflush_r
                0x080044dc      0x108 C:/ST/STM32CubeCLT_1.17.0/GNU-tools-for-STM32/bin/../lib/gcc/arm-none-eabi/12.3.1/../../../../arm-none-eabi/lib/thumb/v7e-m+fp/hard\libc_nano.a(libc_a-fflush.o)
                0x080044dc                __sflush_r
 .text._fflush_r
                0x080045e4       0x50 C:/ST/STM32CubeCLT_1.17.0/GNU-tools-for-STM32/bin/../lib/gcc/arm-none-eabi/12.3.1/../../../../arm-none-eabi/lib/thumb/v7e-m+fp/hard\libc_nano.a(libc_a-fflush.o)
                0x080045e4                _fflush_r
 .text.memmove  0x08004634       0x34 C:/ST/STM32CubeCLT_1.17.0/GNU-tools-for-STM32/bin/../lib/gcc/arm-none-eabi/12.3.1/../../../../arm-none-eabi/lib/thumb/v7e-m+fp/hard\libc_nano.a(libc_a-memmove.o)
                0x08004634                memmove
 .text.strncmp  0x08004668       0x24 C:/ST/STM32CubeCLT_1.17.0/GNU-tools-for-STM32/bin/../lib/gcc/arm-none-eabi/12.3.1/../../../../arm-none-eabi/lib/thumb/v7e-m+fp/hard\libc_nano.a(libc_a-strncmp.o)
                0x08004668                strncmp
 .text._sbrk_r  0x0800468c       0x20 C:/ST/STM32CubeCLT_1.17.0/GNU-tools-for-STM32/bin/../lib/gcc/arm-none-eabi/12.3.1/../../../../arm-none-eabi/lib/thumb/v7e-m+fp/hard\libc_nano.a(libc_a-sbrkr.o)
                0x0800468c                _sbrk_r
 .text.__errno  0x080046ac        0xc C:/ST/STM32CubeCLT_1.17.0/GNU-tools-for-STM32/bin/../lib/gcc/arm-none-eabi/12.3.1/../../../../arm-none-eabi/lib/thumb/v7e-m+fp/hard\libc_nano.a(libc_a-errno.o)
                0x080046ac                __errno
 .text.memcpy   0x080046b8       0x1c C:/ST/STM32CubeCLT_1.17.0/GNU-tools-for-STM32/bin/../lib/gcc/arm-none-eabi/12.3.1/../../../../arm-none-eabi/lib/thumb/v7e-m+fp/hard\libc_nano.a(libc_a-memcpy-stub.o)
                0x080046b8                memcpy
 *fill*         0x080046d4        0x4 
 .text.nan      0x080046d8       0x10 C:/ST/STM32CubeCLT_1.17.0/GNU-tools-for-STM32/bin/../lib/gcc/arm-none-eabi/12.3.1/../../../../arm-none-eabi/lib/thumb/v7e-m+fp/hard\libc_nano.a(libm_a-s_nan.o)
                0x080046d8                nan
 .text.__assert_func
                0x080046e8       0x3c C:/ST/STM32CubeCLT_1.17.0/GNU-tools-for-STM32/bin/../lib/gcc/arm-none-eabi/12.3.1/../../../../arm-none-eabi/lib/thumb/v7e-m+fp/hard\libc_nano.a(libc_a-assert.o)
                0x080046e8                __assert_func
 .text._calloc_r
                0x08004724       0x28 C:/ST/STM32CubeCLT_1.17.0/GNU-tools-for-STM32/bin/../lib/gcc/arm-none-eabi/12.3.1/../../../../arm-none-eabi/lib/thumb/v7e-m+fp/hard\libc_nano.a(libc_a-callocr.o)
                0x08004724                _calloc_r
 .text.rshift   0x0800474c       0xa4 C:/ST/STM32CubeCLT_1.17.0/GNU-tools-for-STM32/bin/../lib/gcc/arm-none-eabi/12.3.1/../../../../arm-none-eabi/lib/thumb/v7e-m+fp/hard\libc_nano.a(libc_a-gdtoa-gethex.o)
 .text.__hexdig_fun
                0x080047f0       0x2a C:/ST/STM32CubeCLT_1.17.0/GNU-tools-for-STM32/bin/../lib/gcc/arm-none-eabi/12.3.1/../../../../arm-none-eabi/lib/thumb/v7e-m+fp/hard\libc_nano.a(libc_a-gdtoa-gethex.o)
                0x080047f0                __hexdig_fun
 *fill*         0x0800481a        0x2 
 .text.__gethex
                0x0800481c      0x420 C:/ST/STM32CubeCLT_1.17.0/GNU-tools-for-STM32/bin/../lib/gcc/arm-none-eabi/12.3.1/../../../../arm-none-eabi/lib/thumb/v7e-m+fp/hard\libc_nano.a(libc_a-gdtoa-gethex.o)
                0x0800481c                __gethex
 .text.L_shift  0x08004c3c       0x24 C:/ST/STM32CubeCLT_1.17.0/GNU-tools-for-STM32/bin/../lib/gcc/arm-none-eabi/12.3.1/../../../../arm-none-eabi/lib/thumb/v7e-m+fp/hard\libc_nano.a(libc_a-gdtoa-hexnan.o)
 .text.__match  0x08004c60       0x28 C:/ST/STM32CubeCLT_1.17.0/GNU-tools-for-STM32/bin/../lib/gcc/arm-none-eabi/12.3.1/../../../../arm-none-eabi/lib/thumb/v7e-m+fp/hard\libc_nano.a(libc_a-gdtoa-hexnan.o)
                0x08004c60                __match
 .text.__hexnan
                0x08004c88      0x136 C:/ST/STM32CubeCLT_1.17.0/GNU-tools-for-STM32/bin/../lib/gcc/arm-none-eabi/12.3.1/../../../../arm-none-eabi/lib/thumb/v7e-m+fp/hard\libc_nano.a(libc_a-gdtoa-hexnan.o)
                0x08004c88                __hexnan
 .text.__ascii_mbtowc
                0x08004dbe       0x24 C:/ST/STM32CubeCLT_1.17.0/GNU-tools-for-STM32/bin/../lib/gcc/arm-none-eabi/12.3.1/../../../../arm-none-eabi/lib/thumb/v7e-m+fp/hard\libc_nano.a(libc_a-mbtowc_r.o)
                0x08004dbe                __ascii_mbtowc
 .text._realloc_r
                0x08004de2       0x5c C:/ST/STM32CubeCLT_1.17.0/GNU-tools-for-STM32/bin/../lib/gcc/arm-none-eabi/12.3.1/../../../../arm-none-eabi/lib/thumb/v7e-m+fp/hard\libc_nano.a(libc_a-reallocr.o)
                0x08004de2                _realloc_r
 .text.__ascii_wctomb
                0x08004e3e       0x1a C:/ST/STM32CubeCLT_1.17.0/GNU-tools-for-STM32/bin/../lib/gcc/arm-none-eabi/12.3.1/../../../../arm-none-eabi/lib/thumb/v7e-m+fp/hard\libc_nano.a(libc_a-wctomb_r.o)
                0x08004e3e                __ascii_wctomb
 .text.fprintf  0x08004e58       0x24 C:/ST/STM32CubeCLT_1.17.0/GNU-tools-for-STM32/bin/../lib/gcc/arm-none-eabi/12.3.1/../../../../arm-none-eabi/lib/thumb/v7e-m+fp/hard\libc_nano.a(libc_a-fprintf.o)
                0x08004e58                fiprintf
                0x08004e58                fprintf
 .text.abort    0x08004e7c        0xe C:/ST/STM32CubeCLT_1.17.0/GNU-tools-for-STM32/bin/../lib/gcc/arm-none-eabi/12.3.1/../../../../arm-none-eabi/lib/thumb/v7e-m+fp/hard\libc_nano.a(libc_a-abort.o)
                0x08004e7c                abort
 .text._malloc_usable_size_r
                0x08004e8a       0x10 C:/ST/STM32CubeCLT_1.17.0/GNU-tools-for-STM32/bin/../lib/gcc/arm-none-eabi/12.3.1/../../../../arm-none-eabi/lib/thumb/v7e-m+fp/hard\libc_nano.a(libc_a-msizer.o)
                0x08004e8a                _malloc_usable_size_r
 .text.__sfputc_r
                0x08004e9a       0x2e C:/ST/STM32CubeCLT_1.17.0/GNU-tools-for-STM32/bin/../lib/gcc/arm-none-eabi/12.3.1/../../../../arm-none-eabi/lib/thumb/v7e-m+fp/hard\libc_nano.a(libc_a-nano-vfprintf.o)
 .text.__sfputs_r
                0x08004ec8       0x24 C:/ST/STM32CubeCLT_1.17.0/GNU-tools-for-STM32/bin/../lib/gcc/arm-none-eabi/12.3.1/../../../../arm-none-eabi/lib/thumb/v7e-m+fp/hard\libc_nano.a(libc_a-nano-vfprintf.o)
                0x08004ec8                __sfputs_r
 .text._vfprintf_r
                0x08004eec      0x230 C:/ST/STM32CubeCLT_1.17.0/GNU-tools-for-STM32/bin/../lib/gcc/arm-none-eabi/12.3.1/../../../../arm-none-eabi/lib/thumb/v7e-m+fp/hard\libc_nano.a(libc_a-nano-vfprintf.o)
                0x08004eec                _vfprintf_r
                0x08004eec                _vfiprintf_r
 .text.__swbuf_r
                0x0800511c       0x7c C:/ST/STM32CubeCLT_1.17.0/GNU-tools-for-STM32/bin/../lib/gcc/arm-none-eabi/12.3.1/../../../../arm-none-eabi/lib/thumb/v7e-m+fp/hard\libc_nano.a(libc_a-wbuf.o)
                0x0800511c                __swbuf_r
 .text.__swsetup_r
                0x08005198       0xac C:/ST/STM32CubeCLT_1.17.0/GNU-tools-for-STM32/bin/../lib/gcc/arm-none-eabi/12.3.1/../../../../arm-none-eabi/lib/thumb/v7e-m+fp/hard\libc_nano.a(libc_a-wsetup.o)
                0x08005198                __swsetup_r
 .text._raise_r
                0x08005244       0x50 C:/ST/STM32CubeCLT_1.17.0/GNU-tools-for-STM32/bin/../lib/gcc/arm-none-eabi/12.3.1/../../../../arm-none-eabi/lib/thumb/v7e-m+fp/hard\libc_nano.a(libc_a-signal.o)
                0x08005244                _raise_r
 .text.raise    0x08005294       0x10 C:/ST/STM32CubeCLT_1.17.0/GNU-tools-for-STM32/bin/../lib/gcc/arm-none-eabi/12.3.1/../../../../arm-none-eabi/lib/thumb/v7e-m+fp/hard\libc_nano.a(libc_a-signal.o)
                0x08005294                raise
 .text._kill_r  0x080052a4       0x24 C:/ST/STM32CubeCLT_1.17.0/GNU-tools-for-STM32/bin/../lib/gcc/arm-none-eabi/12.3.1/../../../../arm-none-eabi/lib/thumb/v7e-m+fp/hard\libc_nano.a(libc_a-signalr.o)
                0x080052a4                _kill_r
 .text._getpid_r
                0x080052c8        0x4 C:/ST/STM32CubeCLT_1.17.0/GNU-tools-for-STM32/bin/../lib/gcc/arm-none-eabi/12.3.1/../../../../arm-none-eabi/lib/thumb/v7e-m+fp/hard\libc_nano.a(libc_a-signalr.o)
                0x080052c8                _getpid_r
 .text.__swhatbuf_r
                0x080052cc       0x4c C:/ST/STM32CubeCLT_1.17.0/GNU-tools-for-STM32/bin/../lib/gcc/arm-none-eabi/12.3.1/../../../../arm-none-eabi/lib/thumb/v7e-m+fp/hard\libc_nano.a(libc_a-makebuf.o)
                0x080052cc                __swhatbuf_r
 .text.__smakebuf_r
                0x08005318       0x78 C:/ST/STM32CubeCLT_1.17.0/GNU-tools-for-STM32/bin/../lib/gcc/arm-none-eabi/12.3.1/../../../../arm-none-eabi/lib/thumb/v7e-m+fp/hard\libc_nano.a(libc_a-makebuf.o)
                0x08005318                __smakebuf_r
 .text._fstat_r
                0x08005390       0x24 C:/ST/STM32CubeCLT_1.17.0/GNU-tools-for-STM32/bin/../lib/gcc/arm-none-eabi/12.3.1/../../../../arm-none-eabi/lib/thumb/v7e-m+fp/hard\libc_nano.a(libc_a-fstatr.o)
                0x08005390                _fstat_r
 .text._isatty_r
                0x080053b4       0x20 C:/ST/STM32CubeCLT_1.17.0/GNU-tools-for-STM32/bin/../lib/gcc/arm-none-eabi/12.3.1/../../../../arm-none-eabi/lib/thumb/v7e-m+fp/hard\libc_nano.a(libc_a-isattyr.o)
                0x080053b4                _isatty_r
 .text.convolve
                0x080053d4       0xb8 CMakeFiles/STM32L432KC.dir/Application/Wavelet_Analysis/Src/cwt.c.obj
                0x080053d4                convolve
 .text.fftbased
                0x0800548c       0x52 CMakeFiles/STM32L432KC.dir/Application/Wavelet_Analysis/Src/cwt.c.obj
                0x0800548c                fftbased
 *fill*         0x080054de        0x2 
 .text.daughter_wavelet_multiplication
                0x080054e0      0x250 CMakeFiles/STM32L432KC.dir/Application/Wavelet_Analysis/Src/cwt.c.obj
                0x080054e0                daughter_wavelet_multiplication
 .text.cwt      0x08005730      0x18c CMakeFiles/STM32L432KC.dir/Application/Wavelet_Analysis/Src/cwt.c.obj
                0x08005730                cwt
 .text.find2power
                0x080058bc       0x34 CMakeFiles/STM32L432KC.dir/Application/Wavelet_Analysis/Src/cwt.c.obj
                0x080058bc                find2power
 .text.scales_Init
                0x080058f0       0x88 CMakeFiles/STM32L432KC.dir/Application/Wavelet_Analysis/Src/scales.c.obj
                0x080058f0                scales_Init
 .text.calculate_logscale_array
                0x08005978      0x1dc CMakeFiles/STM32L432KC.dir/Application/Wavelet_Analysis/Src/scales.c.obj
                0x08005978                calculate_logscale_array
 .text.calculate_linscale_array
                0x08005b54      0x104 CMakeFiles/STM32L432KC.dir/Application/Wavelet_Analysis/Src/scales.c.obj
                0x08005b54                calculate_linscale_array
 .text.calculate_linfreq_array
                0x08005c58      0x12c CMakeFiles/STM32L432KC.dir/Application/Wavelet_Analysis/Src/scales.c.obj
                0x08005c58                calculate_linfreq_array
 .text.createChirp
                0x08005d84      0x180 CMakeFiles/STM32L432KC.dir/Application/Wavelet_Analysis/Src/signals.c.obj
                0x08005d84                createChirp
 .text.morlet_Init
                0x08005f04       0x70 CMakeFiles/STM32L432KC.dir/Application/Wavelet_Analysis/Src/wavelet.c.obj
                0x08005f04                morlet_Init
 .text.morlet_Gen_Freq
                0x08005f74      0x174 CMakeFiles/STM32L432KC.dir/Application/Wavelet_Analysis/Src/wavelet.c.obj
                0x08005f74                morlet_Gen_Freq
 .text.main     0x080060e8      0x1e8 CMakeFiles/STM32L432KC.dir/Core/Src/cwt_probe.c.obj
                0x080060e8                main
 .text.__io_putchar
                0x080062d0       0x26 CMakeFiles/STM32L432KC.dir/Core/Src/printf_redirect.c.obj
                0x080062d0                __io_putchar
 .text._write   0x080062f6       0x38 CMakeFiles/STM32L432KC.dir/Core/Src/printf_redirect.c.obj
                0x080062f6                _write
 *fill*         0x0800632e        0x2 
 .text._sbrk    0x08006330       0x6c CMakeFiles/STM32L432KC.dir/Core/Src/sysmem.c.obj
                0x08006330                _sbrk
 .text.SystemInit
                0x0800639c       0x24 CMakeFiles/STM32L432KC.dir/Core/Src/system_stm32l4xx.c.obj
                0x0800639c                SystemInit
 .text.__NVIC_ClearPendingIRQ
                0x080063c0       0x3c CMakeFiles/STM32L432KC.dir/Peripherals/Src/rcc.c.obj
 .text.__NVIC_SetPriority
                0x080063fc       0x54 CMakeFiles/STM32L432KC.dir/Peripherals/Src/rcc.c.obj
 .text.rcc_SysTick_config
                0x08006450       0x58 CMakeFiles/STM32L432KC.dir/Peripherals/Src/rcc.c.obj
                0x08006450                rcc_SysTick_config
 .text.rcc_msIncTicks
                0x080064a8       0x1c CMakeFiles/STM32L432KC.dir/Peripherals/Src/rcc.c.obj
                0x080064a8                rcc_msIncTicks
 .text.rcc_msGetTicks
                0x080064c4       0x18 CMakeFiles/STM32L432KC.dir/Peripherals/Src/rcc.c.obj
                0x080064c4                rcc_msGetTicks
 .text.rcc_Max_Speed_CLK_Config
                0x080064dc      0x140 CMakeFiles/STM32L432KC.dir/Peripherals/Src/rcc.c.obj
                0x080064dc                rcc_Max_Speed_CLK_Config
 .text.SysTick_Handler
                0x0800661c       0x14 CMakeFiles/STM32L432KC.dir/Peripherals/Src/rcc.c.obj
                0x0800661c                SysTick_Handler
 .text.__NVIC_SetPriorityGrouping
                0x08006630       0x48 CMakeFiles/STM32L432KC.dir/Peripherals/Src/uart.c.obj
 .text.__NVIC_EnableIRQ
                0x08006678       0x3c CMakeFiles/STM32L432KC.dir/Peripherals/Src/uart.c.obj
 .text.__NVIC_SetPriority
                0x080066b4       0x54 CMakeFiles/STM32L432KC.dir/Peripherals/Src/uart.c.obj
 .text.uart_UART2_GPIO_config
                0x08006708       0xc4 CMakeFiles/STM32L432KC.dir/Peripherals/Src/uart.c.obj
                0x08006708                uart_UART2_GPIO_config
 .text.uart_UART2_config
                0x080067cc       0xb4 CMakeFiles/STM32L432KC.dir/Peripherals/Src/uart.c.obj
                0x080067cc                uart_UART2_config
 .text.uart_UART2_TX
                0x08006880       0x88 CMakeFiles/STM32L432KC.dir/Peripherals/Src/uart.c.obj
                0x08006880                uart_UART2_TX
 .text.Reset_Handler
                0x08006908       0x50 CMakeFiles/STM32L432KC.dir/Startup/startup_stm32l432kcux.s.obj
                0x08006908                Reset_Handler
 .text.Default_Handler
                0x08006958        0x2 CMakeFiles/STM32L432KC.dir/Startup/startup_stm32l432kcux.s.obj
                0x08006958                RTC_Alarm_IRQHandler
                0x08006958                EXTI2_IRQHandler
                0x08006958                DebugMon_Handler
                0x08006958                TIM1_CC_IRQHandler
                0x08006958                TSC_IRQHandler
                0x08006958                HardFault_Handler
                0x08006958                TAMP_STAMP_IRQHandler
                0x08006958                PendSV_Handler
                0x08006958                NMI_Handler
                0x08006958                EXTI3_IRQHandler
                0x08006958                LPTIM2_IRQHandler
                0x08006958                I2C3_ER_IRQHandler
                0x08006958                EXTI0_IRQHandler
                0x08006958                CAN1_RX0_IRQHandler
                0x08006958                FPU_IRQHandler
                0x08006958                TIM1_UP_TIM16_IRQHandler
                0x08006958                UsageFault_Handler
                0x08006958                SPI1_IRQHandler
                0x08006958                TIM6_DAC_IRQHandler
                0x08006958                DMA2_Channel2_IRQHandler
                0x08006958                DMA1_Channel4_IRQHandler
                0x08006958                ADC1_IRQHandler
                0x08006958                DMA1_Channel7_IRQHandler
                0x08006958                CAN1_RX1_IRQHandler
                0x08006958                DMA2_Channel1_IRQHandler
                0x08006958                QUADSPI_IRQHandler
                0x08006958                I2C1_EV_IRQHandler
                0x08006958                DMA1_Channel6_IRQHandler
                0x08006958                DMA2_Channel4_IRQHandler
                0x08006958                RCC_IRQHandler
                0x08006958                TIM1_TRG_COM_IRQHandler
                0x08006958                DMA1_Channel1_IRQHandler
                0x08006958                Default_Handler
                0x08006958                DMA2_Channel7_IRQHandler
                0x08006958                EXTI15_10_IRQHandler
                0x08006958                TIM7_IRQHandler
                0x08006958                I2C3_EV_IRQHandler
                0x08006958                USB_IRQHandler
                0x08006958                EXTI9_5_IRQHandler
                0x08006958                RTC_WKUP_IRQHandler
                0x08006958                PVD_PVM_IRQHandler
                0x08006958                MemManage_Handler
                0x08006958                CAN1_TX_IRQHandler
                0x08006958                SVC_Handler
                0x08006958                DMA2_Channel5_IRQHandler
                0x08006958                CRS_IRQHandler
                0x08006958                DMA1_Channel5_IRQHandler
                0x08006958                EXTI4_IRQHandler
                0x08006958                RNG_IRQHandler
                0x08006958                DMA1_Channel3_IRQHandler
                0x08006958                COMP_IRQHandler
                0x08006958                WWDG_IRQHandler
                0x08006958                LPUART1_IRQHandler
                0x08006958                DMA2_Channel6_IRQHandler
                0x08006958                TIM2_IRQHandler
                0x08006958                EXTI1_IRQHandler
                0x08006958                USART2_IRQHandler
                0x08006958                DMA1_Channel2_IRQHandler
                0x08006958                CAN1_SCE_IRQHandler
                0x08006958                FLASH_IRQHandler
                0x08006958                BusFault_Handler
                0x08006958                USART1_IRQHandler
                0x08006958                SPI3_IRQHandler
                0x08006958                I2C1_ER_IRQHandler
                0x08006958                SWPMI1_IRQHandler
                0x08006958                LPTIM1_IRQHandler
                0x08006958                SAI1_IRQHandler
                0x08006958                DMA2_Channel3_IRQHandler
                0x08006958                TIM1_BRK_TIM15_IRQHandler
 *fill*         0x0800695a        0x2 
 .text.aligned_alloc
                0x0800695c       0x10 C:/ST/STM32CubeCLT_1.17.0/GNU-tools-for-STM32/bin/../lib/gcc/arm-none-eabi/12.3.1/../../../../arm-none-eabi/lib/thumb/v7e-m+fp/hard\libc_nano.a(libc_a-aligned_alloc.o)
                0x0800695c                aligned_alloc
 .text._memalign_r
                0x0800696c       0x9c C:/ST/STM32CubeCLT_1.17.0/GNU-tools-for-STM32/bin/../lib/gcc/arm-none-eabi/12.3.1/../../../../arm-none-eabi/lib/thumb/v7e-m+fp/hard\libc_nano.a(libc_a-malignr.o)
                0x0800696c                _memalign_r
 .text.printf   0x08006a08       0x24 C:/ST/STM32CubeCLT_1.17.0/GNU-tools-for-STM32/bin/../lib/gcc/arm-none-eabi/12.3.1/../../../../arm-none-eabi/lib/thumb/v7e-m+fp/hard\libc_nano.a(libc_a-printf.o)
                0x08006a08                iprintf
                0x08006a08                printf
 .text._puts_r  0x08006a2c       0xaa C:/ST/STM32CubeCLT_1.17.0/GNU-tools-for-STM32/bin/../lib/gcc/arm-none-eabi/12.3.1/../../../../arm-none-eabi/lib/thumb/v7e-m+fp/hard\libc_nano.a(libc_a-puts.o)
                0x08006a2c                _puts_r
 *fill*         0x08006ad6        0x2 
 .text.puts     0x08006ad8       0x10 C:/ST/STM32CubeCLT_1.17.0/GNU-tools-for-STM32/bin/../lib/gcc/arm-none-eabi/12.3.1/../../../../arm-none-eabi/lib/thumb/v7e-m+fp/hard\libc_nano.a(libc_a-puts.o)
                0x08006ad8                puts
 .text.log      0x08006ae8       0x7c C:/ST/STM32CubeCLT_1.17.0/GNU-tools-for-STM32/bin/../lib/gcc/arm-none-eabi/12.3.1/../../../../arm-none-eabi/lib/thumb/v7e-m+fp/hard\libm.a(libm_a-w_log.o)
                0x08006ae8                log
 *fill*         0x08006b64        0x4 
 .text.__ieee754_log
                0x08006b68      0x36c C:/ST/STM32CubeCLT_1.17.0/GNU-tools-for-STM32/bin/../lib/gcc/arm-none-eabi/12.3.1/../../../../arm-none-eabi/lib/thumb/v7e-m+fp/hard\libm.a(libm_a-e_log.o)
                0x08006b68                __ieee754_log
 .text._exit    0x08006ed4       0x14 C:/ST/STM32CubeCLT_1.17.0/GNU-tools-for-STM32/bin/../lib/gcc/arm-none-eabi/12.3.1/../../../../arm-none-eabi/lib/thumb/v7e-m+fp/hard\librdimon_nano.a(arm_librdimon_a-_exit.o)
                0x08006ed4                _exit
 .text._kill_shared
                0x08006ee8       0x26 C:/ST/STM32CubeCLT_1.17.0/GNU-tools-for-STM32/bin/../lib/gcc/arm-none-eabi/12.3.1/../../../../arm-none-eabi/lib/thumb/v7e-m+fp/hard\librdimon_nano.a(arm_librdimon_a-_kill.o)
                0x08006ee8                _kill_shared
 *fill*         0x08006f0e        0x2 
 .text._kill    0x08006f10       0x18 C:/ST/STM32CubeCLT_1.17.0/GNU-tools-for-STM32/bin/../lib/gcc/arm-none-eabi/12.3.1/../../../../arm-none-eabi/lib/thumb/v7e-m+fp/hard\librdimon_nano.a(arm_librdimon_a-_kill.o)
                0x08006f10                _kill
 .text.findslot
                0x08006f28       0x34 C:/ST/STM32CubeCLT_1.17.0/GNU-tools-for-STM32/bin/../lib/gcc/arm-none-eabi/12.3.1/../../../../arm-none-eabi/lib/thumb/v7e-m+fp/hard\librdimon_nano.a(arm_librdimon_a-syscalls.o)
 .text.error    0x08006f5c       0x1c C:/ST/STM32CubeCLT_1.17.0/GNU-tools-for-STM32/bin/../lib/gcc/arm-none-eabi/12.3.1/../../../../arm-none-eabi/lib/thumb/v7e-m+fp/hard\librdimon_nano.a(arm_librdimon_a-syscalls.o)
 .text.checkerror
                0x08006f78        0xa C:/ST/STM32CubeCLT_1.17.0/GNU-tools-for-STM32/bin/../lib/gcc/arm-none-eabi/12.3.1/../../../../arm-none-eabi/lib/thumb/v7e-m+fp/hard\librdimon_nano.a(arm_librdimon_a-syscalls.o)
 .text._swiread
                0x08006f82       0x20 C:/ST/STM32CubeCLT_1.17.0/GNU-tools-for-STM32/bin/../lib/gcc/arm-none-eabi/12.3.1/../../../../arm-none-eabi/lib/thumb/v7e-m+fp/hard\librdimon_nano.a(arm_librdimon_a-syscalls.o)
                0x08006f82                _swiread
 .text._read    0x08006fa2       0x34 C:/ST/STM32CubeCLT_1.17.0/GNU-tools-for-STM32/bin/../lib/gcc/arm-none-eabi/12.3.1/../../../../arm-none-eabi/lib/thumb/v7e-m+fp/hard\librdimon_nano.a(arm_librdimon_a-syscalls.o)
                0x08006fa2                _read
 .text._swilseek
                0x08006fd6       0x78 C:/ST/STM32CubeCLT_1.17.0/GNU-tools-for-STM32/bin/../lib/gcc/arm-none-eabi/12.3.1/../../../../arm-none-eabi/lib/thumb/v7e-m+fp/hard\librdimon_nano.a(arm_librdimon_a-syscalls.o)
                0x08006fd6                _swilseek
 .text._lseek   0x0800704e        0x4 C:/ST/STM32CubeCLT_1.17.0/GNU-tools-for-STM32/bin/../lib/gcc/arm-none-eabi/12.3.1/../../../../arm-none-eabi/lib/thumb/v7e-m+fp/hard\librdimon_nano.a(arm_librdimon_a-syscalls.o)
                0x0800704e                _lseek
 .text._swiclose
                0x08007052       0x1a C:/ST/STM32CubeCLT_1.17.0/GNU-tools-for-STM32/bin/../lib/gcc/arm-none-eabi/12.3.1/../../../../arm-none-eabi/lib/thumb/v7e-m+fp/hard\librdimon_nano.a(arm_librdimon_a-syscalls.o)
                0x08007052                _swiclose
 .text._close   0x0800706c       0x44 C:/ST/STM32CubeCLT_1.17.0/GNU-tools-for-STM32/bin/../lib/gcc/arm-none-eabi/12.3.1/../../../../arm-none-eabi/lib/thumb/v7e-m+fp/hard\librdimon_nano.a(arm_librdimon_a-syscalls.o)
                0x0800706c                _close
 .text._getpid  0x080070b0        0x4 C:/ST/STM32CubeCLT_1.17.0/GNU-tools-for-STM32/bin/../lib/gcc/arm-none-eabi/12.3.1/../../../../arm-none-eabi/lib/thumb/v7e-m+fp/hard\librdimon_nano.a(arm_librdimon_a-syscalls.o)
                0x080070b0                _getpid
 .text._swistat
                0x080070b4       0x42 C:/ST/STM32CubeCLT_1.17.0/GNU-tools-for-STM32/bin/../lib/gcc/arm-none-eabi/12.3.1/../../../../arm-none-eabi/lib/thumb/v7e-m+fp/hard\librdimon_nano.a(arm_librdimon_a-syscalls.o)
                0x080070b4                _swistat
 .text._fstat   0x080070f6       0x1c C:/ST/STM32CubeCLT_1.17.0/GNU-tools-for-STM32/bin/../lib/gcc/arm-none-eabi/12.3.1/../../../../arm-none-eabi/lib/thumb/v7e-m+fp/hard\librdimon_nano.a(arm_librdimon_a-syscalls.o)
                0x080070f6                _fstat
 .text._stat    0x08007112       0x3a C:/ST/STM32CubeCLT_1.17.0/GNU-tools-for-STM32/bin/../lib/gcc/arm-none-eabi/12.3.1/../../../../arm-none-eabi/lib/thumb/v7e-m+fp/hard\librdimon_nano.a(arm_librdimon_a-syscalls.o)
                0x08007112                _stat
 .text._swiopen
                0x0800714c       0xb0 C:/ST/STM32CubeCLT_1.17.0/GNU-tools-for-STM32/bin/../lib/gcc/arm-none-eabi/12.3.1/../../../../arm-none-eabi/lib/thumb/v7e-m+fp/hard\librdimon_nano.a(arm_librdimon_a-syscalls.o)
                0x0800714c                _swiopen
 .text._get_semihosting_exts
                0x080071fc       0xb4 C:/ST/STM32CubeCLT_1.17.0/GNU-tools-for-STM32/bin/../lib/gcc/arm-none-eabi/12.3.1/../../../../arm-none-eabi/lib/thumb/v7e-m+fp/hard\librdimon_nano.a(arm_librdimon_a-syscalls.o)
                0x080071fc                _get_semihosting_exts
 .text.initialise_semihosting_exts
                0x080072b0       0x34 C:/ST/STM32CubeCLT_1.17.0/GNU-tools-for-STM32/bin/../lib/gcc/arm-none-eabi/12.3.1/../../../../arm-none-eabi/lib/thumb/v7e-m+fp/hard\librdimon_nano.a(arm_librdimon_a-syscalls.o)
 .text._has_ext_exit_extended
                0x080072e4       0x18 C:/ST/STM32CubeCLT_1.17.0/GNU-tools-for-STM32/bin/../lib/gcc/arm-none-eabi/12.3.1/../../../../arm-none-eabi/lib/thumb/v7e-m+fp/hard\librdimon_nano.a(arm_librdimon_a-syscalls.o)
                0x080072e4                _has_ext_exit_extended
 .text._isatty  0x080072fc       0x3a C:/ST/STM32CubeCLT_1.17.0/GNU-tools-for-STM32/bin/../lib/gcc/arm-none-eabi/12.3.1/../../../../arm-none-eabi/lib/thumb/v7e-m+fp/hard\librdimon_nano.a(arm_librdimon_a-syscalls.o)
                0x080072fc                _isatty
 *fill*         0x08007336        0x2 
 .text.arm_add_f32
                0x08007338       0xb0 C:/Users/Cuba/Documents/uni/STM32/CMSIS-DSP/build/bin_dsp\libCMSISDSP.a(arm_add_f32.c.obj)
                0x08007338                arm_add_f32
 .text.arm_mult_f32
                0x080073e8       0xb0 C:/Users/Cuba/Documents/uni/STM32/CMSIS-DSP/build/bin_dsp\libCMSISDSP.a(arm_mult_f32.c.obj)
                0x080073e8                arm_mult_f32
 .text.arm_offset_f32
                0x08007498       0x8c C:/Users/Cuba/Documents/uni/STM32/CMSIS-DSP/build/bin_dsp\libCMSISDSP.a(arm_offset_f32.c.obj)
                0x08007498                arm_offset_f32
 .text.arm_scale_f32
                0x08007524       0x8c C:/Users/Cuba/Documents/uni/STM32/CMSIS-DSP/build/bin_dsp\libCMSISDSP.a(arm_scale_f32.c.obj)
                0x08007524                arm_scale_f32
 .text.arm_cmplx_conj_f32
                0x080075b0       0xb8 C:/Users/Cuba/Documents/uni/STM32/CMSIS-DSP/build/bin_dsp\libCMSISDSP.a(arm_cmplx_conj_f32.c.obj)
                0x080075b0                arm_cmplx_conj_f32
 .text.arm_cmplx_mult_real_f32
                0x08007668      0x104 C:/Users/Cuba/Documents/uni/STM32/CMSIS-DSP/build/bin_dsp\libCMSISDSP.a(arm_cmplx_mult_real_f32.c.obj)
                0x08007668                arm_cmplx_mult_real_f32
 .text.arm_sin_f32
                0x0800776c       0x9c C:/Users/Cuba/Documents/uni/STM32/CMSIS-DSP/build/bin_dsp\libCMSISDSP.a(arm_sin_f32.c.obj)
                0x0800776c                arm_sin_f32
 .text.arm_vexp_f32
                0x08007808       0x20 C:/Users/Cuba/Documents/uni/STM32/CMSIS-DSP/build/bin_dsp\libCMSISDSP.a(arm_vexp_f32.c.obj)
                0x08007808                arm_vexp_f32
 .text.arm_copy_f32
                0x08007828       0x64 C:/Users/Cuba/Documents/uni/STM32/CMSIS-DSP/build/bin_dsp\libCMSISDSP.a(arm_copy_f32.c.obj)
                0x08007828                arm_copy_f32
 .text.arm_fill_f32
                0x0800788c       0x44 C:/Users/Cuba/Documents/uni/STM32/CMSIS-DSP/build/bin_dsp\libCMSISDSP.a(arm_fill_f32.c.obj)
                0x0800788c                arm_fill_f32
 .text.arm_cfft_f32
                0x080078d0      0x6f8 C:/Users/Cuba/Documents/uni/STM32/CMSIS-DSP/build/bin_dsp\libCMSISDSP.a(arm_cfft_f32.c.obj)
                0x080078d0                arm_cfft_f32
 .text.arm_cfft_init_2048_f32
                0x08007fc8       0x20 C:/Users/Cuba/Documents/uni/STM32/CMSIS-DSP/build/bin_dsp\libCMSISDSP.a(arm_cfft_init_f32.c.obj)
                0x08007fc8                arm_cfft_init_2048_f32
 .text.arm_cfft_init_1024_f32
                0x08007fe8       0x20 C:/Users/Cuba/Documents/uni/STM32/CMSIS-DSP/build/bin_dsp\libCMSISDSP.a(arm_cfft_init_f32.c.obj)
                0x08007fe8                arm_cfft_init_1024_f32
 .text.arm_cfft_init_512_f32
                0x08008008       0x20 C:/Users/Cuba/Documents/uni/STM32/CMSIS-DSP/build/bin_dsp\libCMSISDSP.a(arm_cfft_init_f32.c.obj)
                0x08008008                arm_cfft_init_512_f32
 .text.arm_cfft_init_256_f32
                0x08008028       0x20 C:/Users/Cuba/Documents/uni/STM32/CMSIS-DSP/build/bin_dsp\libCMSISDSP.a(arm_cfft_init_f32.c.obj)
                0x08008028                arm_cfft_init_256_f32
 .text.arm_cfft_init_128_f32
                0x08008048       0x20 C:/Users/Cuba/Documents/uni/STM32/CMSIS-DSP/build/bin_dsp\libCMSISDSP.a(arm_cfft_init_f32.c.obj)
                0x08008048                arm_cfft_init_128_f32
 .text.arm_cfft_init_64_f32
                0x08008068       0x20 C:/Users/Cuba/Documents/uni/STM32/CMSIS-DSP/build/bin_dsp\libCMSISDSP.a(arm_cfft_init_f32.c.obj)
                0x08008068                arm_cfft_init_64_f32
 .text.arm_cfft_init_32_f32
                0x08008088       0x20 C:/Users/Cuba/Documents/uni/STM32/CMSIS-DSP/build/bin_dsp\libCMSISDSP.a(arm_cfft_init_f32.c.obj)
                0x08008088                arm_cfft_init_32_f32
 .text.arm_cfft_init_16_f32
                0x080080a8       0x20 C:/Users/Cuba/Documents/uni/STM32/CMSIS-DSP/build/bin_dsp\libCMSISDSP.a(arm_cfft_init_f32.c.obj)
                0x080080a8                arm_cfft_init_16_f32
 .text.arm_cfft_init_f32
                0x080080c8       0x94 C:/Users/Cuba/Documents/uni/STM32/CMSIS-DSP/build/bin_dsp\libCMSISDSP.a(arm_cfft_init_f32.c.obj)
                0x080080c8                arm_cfft_init_f32
 .text.arm_rfft_fast_f32
                0x0800815c      0x164 C:/Users/Cuba/Documents/uni/STM32/CMSIS-DSP/build/bin_dsp\libCMSISDSP.a(arm_rfft_fast_f32.c.obj)
                0x0800815c                arm_rfft_fast_f32
 .text.arm_rfft_fast_init_f32
                0x080082c0       0xf4 C:/Users/Cuba/Documents/uni/STM32/CMSIS-DSP/build/bin_dsp\libCMSISDSP.a(arm_rfft_fast_init_f32.c.obj)
                0x080082c0                arm_rfft_fast_init_f32
 .text.arm_bitreversal_32
                0x080083b4       0x4c C:/Users/Cuba/Documents/uni/STM32/CMSIS-DSP/build/bin_dsp\libCMSISDSP.a(arm_bitreversal2.c.obj)
                0x080083b4                arm_bitreversal_32
 .text.arm_radix8_butterfly_f32
                0x08008400      0x57c C:/Users/Cuba/Documents/uni/STM32/CMSIS-DSP/build/bin_dsp\libCMSISDSP.a(arm_cfft_radix8_f32.c.obj)
                0x08008400                arm_radix8_butterfly_f32
 .text.expf     0x0800897c       0x6c C:/ST/STM32CubeCLT_1.17.0/GNU-tools-for-STM32/bin/../lib/gcc/arm-none-eabi/12.3.1/../../../../arm-none-eabi/lib/thumb/v7e-m+fp/hard\libm.a(libm_a-wf_exp.o)
                0x0800897c                expf
 .text.finitef  0x080089e8       0x14 C:/ST/STM32CubeCLT_1.17.0/GNU-tools-for-STM32/bin/../lib/gcc/arm-none-eabi/12.3.1/../../../../arm-none-eabi/lib/thumb/v7e-m+fp/hard\libm.a(libm_a-sf_finite.o)
                0x080089e8                finitef
 .text.__ieee754_expf
                0x080089fc      0x19c C:/ST/STM32CubeCLT_1.17.0/GNU-tools-for-STM32/bin/../lib/gcc/arm-none-eabi/12.3.1/../../../../arm-none-eabi/lib/thumb/v7e-m+fp/hard\libm.a(libm_a-ef_exp.o)
                0x080089fc                __ieee754_expf
 .text.with_errnof
                0x08008b98       0x1c C:/ST/STM32CubeCLT_1.17.0/GNU-tools-for-STM32/bin/../lib/gcc/arm-none-eabi/12.3.1/../../../../arm-none-eabi/lib/thumb/v7e-m+fp/hard\libm.a(libm_a-math_errf.o)
 .text.xflowf   0x08008bb4       0x16 C:/ST/STM32CubeCLT_1.17.0/GNU-tools-for-STM32/bin/../lib/gcc/arm-none-eabi/12.3.1/../../../../arm-none-eabi/lib/thumb/v7e-m+fp/hard\libm.a(libm_a-math_errf.o)
 *fill*         0x08008bca        0x2 
 .text.__math_uflowf
                0x08008bcc        0xc C:/ST/STM32CubeCLT_1.17.0/GNU-tools-for-STM32/bin/../lib/gcc/arm-none-eabi/12.3.1/../../../../arm-none-eabi/lib/thumb/v7e-m+fp/hard\libm.a(libm_a-math_errf.o)
                0x08008bcc                __math_uflowf
 .text.__math_oflowf
                0x08008bd8        0xc C:/ST/STM32CubeCLT_1.17.0/GNU-tools-for-STM32/bin/../lib/gcc/arm-none-eabi/12.3.1/../../../../arm-none-eabi/lib/thumb/v7e-m+fp/hard\libm.a(libm_a-math_errf.o)
                0x08008bd8                __math_oflowf
 *(.glue_7)
 .glue_7        0x08008be4        0x0 linker stubs
 *(.glue_7t)
 .glue_7t       0x08008be4        0x0 linker stubs
 *(.eh_frame)
 .eh_frame      0x08008be4        0x0 C:/ST/STM32CubeCLT_1.17.0/GNU-tools-for-STM32/bin/../lib/gcc/arm-none-eabi/12.3.1/thumb/v7e-m+fp/hard/crtbegin.o
 *(.init)
 .init          0x08008be4        0x4 C:/ST/STM32CubeCLT_1.17.0/GNU-tools-for-STM32/bin/../lib/gcc/arm-none-eabi/12.3.1/thumb/v7e-m+fp/hard/crti.o
                0x08008be4                _init
 .init          0x08008be8        0x8 C:/ST/STM32CubeCLT_1.17.0/GNU-tools-for-STM32/bin/../lib/gcc/arm-none-eabi/12.3.1/thumb/v7e-m+fp/hard/crtn.o
 *(.fini)
 .fini          0x08008bf0        0x4 C:/ST/STM32CubeCLT_1.17.0/GNU-tools-for-STM32/bin/../lib/gcc/arm-none-eabi/12.3.1/thumb/v7e-m+fp/hard/crti.o
                0x08008bf0                _fini
 .fini          0x08008bf4        0x8 C:/ST/STM32CubeCLT_1.17.0/GNU-tools-for-STM32/bin/../lib/gcc/arm-none-eabi/12.3.1/thumb/v7e-m+fp/hard/crtn.o
                0x08008bfc                        . = ALIGN (0x4)
                0x08008bfc                        _etext = .

.vfp11_veneer   0x08008bfc        0x0
 .vfp11_veneer  0x08008bfc        0x0 linker stubs

.v4_bx          0x08008bfc        0x0
 .v4_bx         0x08008bfc        0x0 linker stubs

.iplt           0x08008bfc        0x0
 .iplt          0x08008bfc        0x0 C:/ST/STM32CubeCLT_1.17.0/GNU-tools-for-STM32/bin/../lib/gcc/arm-none-eabi/12.3.1/thumb/v7e-m+fp/hard/crtbegin.o

.rodata         0x08008c00    0x1e2b0
                0x08008c00                        . = ALIGN (0x4)
 *(.rodata)
 .rodata        0x08008c00       0xb1 CMakeFiles/STM32L432KC.dir/Application/Wavelet_Analysis/Src/cwt.c.obj
 *fill*         0x08008cb1        0x3 
 .rodata        0x08008cb4       0xac CMakeFiles/STM32L432KC.dir/Application/Wavelet_Analysis/Src/scales.c.obj
 .rodata        0x08008d60       0x35 CMakeFiles/STM32L432KC.dir/Core/Src/cwt_probe.c.obj
 *(.rodata*)
 .rodata._printf_float.str1.1
                0x08008d95       0x12 C:/ST/STM32CubeCLT_1.17.0/GNU-tools-for-STM32/bin/../lib/gcc/arm-none-eabi/12.3.1/../../../../arm-none-eabi/lib/thumb/v7e-m+fp/hard\libc_nano.a(libc_a-nano-vfprintf_float.o)
 .rodata._printf_i.str1.1
                0x08008da7       0x22 C:/ST/STM32CubeCLT_1.17.0/GNU-tools-for-STM32/bin/../lib/gcc/arm-none-eabi/12.3.1/../../../../arm-none-eabi/lib/thumb/v7e-m+fp/hard\libc_nano.a(libc_a-nano-vfprintf_i.o)
 .rodata._scanf_float.str1.1
                0x08008dc9        0x5 C:/ST/STM32CubeCLT_1.17.0/GNU-tools-for-STM32/bin/../lib/gcc/arm-none-eabi/12.3.1/../../../../arm-none-eabi/lib/thumb/v7e-m+fp/hard\libc_nano.a(libc_a-nano-vfscanf_float.o)
                                  0x6 (size before relaxing)
 .rodata._dtoa_r.str1.1
                0x08008dce       0x8d C:/ST/STM32CubeCLT_1.17.0/GNU-tools-for-STM32/bin/../lib/gcc/arm-none-eabi/12.3.1/../../../../arm-none-eabi/lib/thumb/v7e-m+fp/hard\libc_nano.a(libc_a-dtoa.o)
                                 0x8f (size before relaxing)
 .rodata._Balloc.str1.1
                0x08008e5b       0x59 C:/ST/STM32CubeCLT_1.17.0/GNU-tools-for-STM32/bin/../lib/gcc/arm-none-eabi/12.3.1/../../../../arm-none-eabi/lib/thumb/v7e-m+fp/hard\libc_nano.a(libc_a-mprec.o)
                                 0x70 (size before relaxing)
 .rodata.__multadd.str1.1
                0x08008eb4       0x11 C:/ST/STM32CubeCLT_1.17.0/GNU-tools-for-STM32/bin/../lib/gcc/arm-none-eabi/12.3.1/../../../../arm-none-eabi/lib/thumb/v7e-m+fp/hard\libc_nano.a(libc_a-mprec.o)
 .rodata.p05.0  0x08008eb4        0xc C:/ST/STM32CubeCLT_1.17.0/GNU-tools-for-STM32/bin/../lib/gcc/arm-none-eabi/12.3.1/../../../../arm-none-eabi/lib/thumb/v7e-m+fp/hard\libc_nano.a(libc_a-mprec.o)
 .rodata.__mprec_bigtens
                0x08008ec0       0x28 C:/ST/STM32CubeCLT_1.17.0/GNU-tools-for-STM32/bin/../lib/gcc/arm-none-eabi/12.3.1/../../../../arm-none-eabi/lib/thumb/v7e-m+fp/hard\libc_nano.a(libc_a-mprec.o)
                0x08008ec0                __mprec_bigtens
 .rodata.__mprec_tens
                0x08008ee8       0xc8 C:/ST/STM32CubeCLT_1.17.0/GNU-tools-for-STM32/bin/../lib/gcc/arm-none-eabi/12.3.1/../../../../arm-none-eabi/lib/thumb/v7e-m+fp/hard\libc_nano.a(libc_a-mprec.o)
                0x08008ee8                __mprec_tens
 .rodata._strtod_l.str1.1
                0x08008fb0        0x2 C:/ST/STM32CubeCLT_1.17.0/GNU-tools-for-STM32/bin/../lib/gcc/arm-none-eabi/12.3.1/../../../../arm-none-eabi/lib/thumb/v7e-m+fp/hard\libc_nano.a(libc_a-strtod.o)
                                  0xf (size before relaxing)
 *fill*         0x08008fb2        0x2 
 .rodata.fpinan.0
                0x08008fb4       0x14 C:/ST/STM32CubeCLT_1.17.0/GNU-tools-for-STM32/bin/../lib/gcc/arm-none-eabi/12.3.1/../../../../arm-none-eabi/lib/thumb/v7e-m+fp/hard\libc_nano.a(libc_a-strtod.o)
 .rodata.fpi.1  0x08008fc8       0x14 C:/ST/STM32CubeCLT_1.17.0/GNU-tools-for-STM32/bin/../lib/gcc/arm-none-eabi/12.3.1/../../../../arm-none-eabi/lib/thumb/v7e-m+fp/hard\libc_nano.a(libc_a-strtod.o)
 *fill*         0x08008fdc        0x4 
 .rodata.tinytens
                0x08008fe0       0x28 C:/ST/STM32CubeCLT_1.17.0/GNU-tools-for-STM32/bin/../lib/gcc/arm-none-eabi/12.3.1/../../../../arm-none-eabi/lib/thumb/v7e-m+fp/hard\libc_nano.a(libc_a-strtod.o)
 .rodata._ctype_
                0x08009008      0x101 C:/ST/STM32CubeCLT_1.17.0/GNU-tools-for-STM32/bin/../lib/gcc/arm-none-eabi/12.3.1/../../../../arm-none-eabi/lib/thumb/v7e-m+fp/hard\libc_nano.a(libc_a-ctype_.o)
                0x08009008                _ctype_
 .rodata._svfprintf_r.str1.1
                0x08009109       0x11 C:/ST/STM32CubeCLT_1.17.0/GNU-tools-for-STM32/bin/../lib/gcc/arm-none-eabi/12.3.1/../../../../arm-none-eabi/lib/thumb/v7e-m+fp/hard\libc_nano.a(libc_a-nano-svfprintf.o)
 .rodata._setlocale_r.str1.1
                0x0800911a        0x8 C:/ST/STM32CubeCLT_1.17.0/GNU-tools-for-STM32/bin/../lib/gcc/arm-none-eabi/12.3.1/../../../../arm-none-eabi/lib/thumb/v7e-m+fp/hard\libc_nano.a(libc_a-locale.o)
                                  0x9 (size before relaxing)
 .rodata.str1.1
                0x08009122        0x2 C:/ST/STM32CubeCLT_1.17.0/GNU-tools-for-STM32/bin/../lib/gcc/arm-none-eabi/12.3.1/../../../../arm-none-eabi/lib/thumb/v7e-m+fp/hard\libc_nano.a(libc_a-locale.o)
 .rodata.__assert_func.str1.1
                0x08009122       0x3c C:/ST/STM32CubeCLT_1.17.0/GNU-tools-for-STM32/bin/../lib/gcc/arm-none-eabi/12.3.1/../../../../arm-none-eabi/lib/thumb/v7e-m+fp/hard\libc_nano.a(libc_a-assert.o)
                                 0x3d (size before relaxing)
 .rodata.__gethex.str1.1
                0x0800915e       0x60 C:/ST/STM32CubeCLT_1.17.0/GNU-tools-for-STM32/bin/../lib/gcc/arm-none-eabi/12.3.1/../../../../arm-none-eabi/lib/thumb/v7e-m+fp/hard\libc_nano.a(libc_a-gdtoa-gethex.o)
                                 0x73 (size before relaxing)
 .rodata._vfprintf_r.str1.1
                0x080091be       0x11 C:/ST/STM32CubeCLT_1.17.0/GNU-tools-for-STM32/bin/../lib/gcc/arm-none-eabi/12.3.1/../../../../arm-none-eabi/lib/thumb/v7e-m+fp/hard\libc_nano.a(libc_a-nano-vfprintf.o)
 *fill*         0x080091be        0x2 
 .rodata.__func__.0
                0x080091c0        0x4 CMakeFiles/STM32L432KC.dir/Application/Wavelet_Analysis/Src/cwt.c.obj
 .rodata.__func__.2
                0x080091c4       0x19 CMakeFiles/STM32L432KC.dir/Application/Wavelet_Analysis/Src/scales.c.obj
 *fill*         0x080091dd        0x3 
 .rodata.__func__.1
                0x080091e0       0x19 CMakeFiles/STM32L432KC.dir/Application/Wavelet_Analysis/Src/scales.c.obj
 *fill*         0x080091f9        0x3 
 .rodata.__func__.0
                0x080091fc       0x18 CMakeFiles/STM32L432KC.dir/Application/Wavelet_Analysis/Src/scales.c.obj
 .rodata.log.str1.1
                0x08009214        0x1 C:/ST/STM32CubeCLT_1.17.0/GNU-tools-for-STM32/bin/../lib/gcc/arm-none-eabi/12.3.1/../../../../arm-none-eabi/lib/thumb/v7e-m+fp/hard\libm.a(libm_a-w_log.o)
 .rodata._get_semihosting_exts.str1.1
                0x08009214       0x16 C:/ST/STM32CubeCLT_1.17.0/GNU-tools-for-STM32/bin/../lib/gcc/arm-none-eabi/12.3.1/../../../../arm-none-eabi/lib/thumb/v7e-m+fp/hard\librdimon_nano.a(arm_librdimon_a-syscalls.o)
 *fill*         0x0800922a        0x2 
 .rodata.armBitRevIndexTable1024
                0x0800922c      0xe10 C:/Users/Cuba/Documents/uni/STM32/CMSIS-DSP/build/bin_dsp\libCMSISDSP.a(arm_common_tables.c.obj)
                0x0800922c                armBitRevIndexTable1024
 .rodata.armBitRevIndexTable128
                0x0800a03c      0x1a0 C:/Users/Cuba/Documents/uni/STM32/CMSIS-DSP/build/bin_dsp\libCMSISDSP.a(arm_common_tables.c.obj)
                0x0800a03c                armBitRevIndexTable128
 .rodata.armBitRevIndexTable16
                0x0800a1dc       0x28 C:/Users/Cuba/Documents/uni/STM32/CMSIS-DSP/build/bin_dsp\libCMSISDSP.a(arm_common_tables.c.obj)
                0x0800a1dc                armBitRevIndexTable16
 .rodata.armBitRevIndexTable2048
                0x0800a204     0x1dc0 C:/Users/Cuba/Documents/uni/STM32/CMSIS-DSP/build/bin_dsp\libCMSISDSP.a(arm_common_tables.c.obj)
                0x0800a204                armBitRevIndexTable2048
 .rodata.armBitRevIndexTable256
                0x0800bfc4      0x370 C:/Users/Cuba/Documents/uni/STM32/CMSIS-DSP/build/bin_dsp\libCMSISDSP.a(arm_common_tables.c.obj)
                0x0800bfc4                armBitRevIndexTable256
 .rodata.armBitRevIndexTable32
                0x0800c334       0x60 C:/Users/Cuba/Documents/uni/STM32/CMSIS-DSP/build/bin_dsp\libCMSISDSP.a(arm_common_tables.c.obj)
                0x0800c334                armBitRevIndexTable32
 .rodata.armBitRevIndexTable4096
                0x0800c394     0x1f80 C:/Users/Cuba/Documents/uni/STM32/CMSIS-DSP/build/bin_dsp\libCMSISDSP.a(arm_common_tables.c.obj)
                0x0800c394                armBitRevIndexTable4096
 .rodata.armBitRevIndexTable512
                0x0800e314      0x380 C:/Users/Cuba/Documents/uni/STM32/CMSIS-DSP/build/bin_dsp\libCMSISDSP.a(arm_common_tables.c.obj)
                0x0800e314                armBitRevIndexTable512
 .rodata.armBitRevIndexTable64
                0x0800e694       0x70 C:/Users/Cuba/Documents/uni/STM32/CMSIS-DSP/build/bin_dsp\libCMSISDSP.a(arm_common_tables.c.obj)
                0x0800e694                armBitRevIndexTable64
 .rodata.sinTable_f32
                0x0800e704      0x804 C:/Users/Cuba/Documents/uni/STM32/CMSIS-DSP/build/bin_dsp\libCMSISDSP.a(arm_common_tables.c.obj)
                0x0800e704                sinTable_f32
 .rodata.twiddleCoef_1024
                0x0800ef08     0x2000 C:/Users/Cuba/Documents/uni/STM32/CMSIS-DSP/build/bin_dsp\libCMSISDSP.a(arm_common_tables.c.obj)
                0x0800ef08                twiddleCoef_1024
 .rodata.twiddleCoef_128
                0x08010f08      0x400 C:/Users/Cuba/Documents/uni/STM32/CMSIS-DSP/build/bin_dsp\libCMSISDSP.a(arm_common_tables.c.obj)
                0x08010f08                twiddleCoef_128
 .rodata.twiddleCoef_16
                0x08011308       0x80 C:/Users/Cuba/Documents/uni/STM32/CMSIS-DSP/build/bin_dsp\libCMSISDSP.a(arm_common_tables.c.obj)
                0x08011308                twiddleCoef_16
 .rodata.twiddleCoef_2048
                0x08011388     0x4000 C:/Users/Cuba/Documents/uni/STM32/CMSIS-DSP/build/bin_dsp\libCMSISDSP.a(arm_common_tables.c.obj)
                0x08011388                twiddleCoef_2048
 .rodata.twiddleCoef_256
                0x08015388      0x800 C:/Users/Cuba/Documents/uni/STM32/CMSIS-DSP/build/bin_dsp\libCMSISDSP.a(arm_common_tables.c.obj)
                0x08015388                twiddleCoef_256
 .rodata.twiddleCoef_32
                0x08015b88      0x100 C:/Users/Cuba/Documents/uni/STM32/CMSIS-DSP/build/bin_dsp\libCMSISDSP.a(arm_common_tables.c.obj)
                0x08015b88                twiddleCoef_32
 .rodata.twiddleCoef_4096
                0x08015c88     0x8000 C:/Users/Cuba/Documents/uni/STM32/CMSIS-DSP/build/bin_dsp\libCMSISDSP.a(arm_common_tables.c.obj)
                0x08015c88                twiddleCoef_4096
 .rodata.twiddleCoef_512
                0x0801dc88     0x1000 C:/Users/Cuba/Documents/uni/STM32/CMSIS-DSP/build/bin_dsp\libCMSISDSP.a(arm_common_tables.c.obj)
                0x0801dc88                twiddleCoef_512
 .rodata.twiddleCoef_64
                0x0801ec88      0x200 C:/Users/Cuba/Documents/uni/STM32/CMSIS-DSP/build/bin_dsp\libCMSISDSP.a(arm_common_tables.c.obj)
                0x0801ec88                twiddleCoef_64
 .rodata.twiddleCoef_rfft_1024
                0x0801ee88     0x1000 C:/Users/Cuba/Documents/uni/STM32/CMSIS-DSP/build/bin_dsp\libCMSISDSP.a(arm_common_tables.c.obj)
                0x0801ee88                twiddleCoef_rfft_1024
 .rodata.twiddleCoef_rfft_128
                0x0801fe88      0x200 C:/Users/Cuba/Documents/uni/STM32/CMSIS-DSP/build/bin_dsp\libCMSISDSP.a(arm_common_tables.c.obj)
                0x0801fe88                twiddleCoef_rfft_128
 .rodata.twiddleCoef_rfft_2048
                0x08020088     0x2000 C:/Users/Cuba/Documents/uni/STM32/CMSIS-DSP/build/bin_dsp\libCMSISDSP.a(arm_common_tables.c.obj)
                0x08020088                twiddleCoef_rfft_2048
 .rodata.twiddleCoef_rfft_256
                0x08022088      0x400 C:/Users/Cuba/Documents/uni/STM32/CMSIS-DSP/build/bin_dsp\libCMSISDSP.a(arm_common_tables.c.obj)
                0x08022088                twiddleCoef_rfft_256
 .rodata.twiddleCoef_rfft_32
                0x08022488       0x80 C:/Users/Cuba/Documents/uni/STM32/CMSIS-DSP/build/bin_dsp\libCMSISDSP.a(arm_common_tables.c.obj)
                0x08022488                twiddleCoef_rfft_32
 .rodata.twiddleCoef_rfft_4096
                0x08022508     0x4000 C:/Users/Cuba/Documents/uni/STM32/CMSIS-DSP/build/bin_dsp\libCMSISDSP.a(arm_common_tables.c.obj)
                0x08022508                twiddleCoef_rfft_4096
 .rodata.twiddleCoef_rfft_512
                0x08026508      0x800 C:/Users/Cuba/Documents/uni/STM32/CMSIS-DSP/build/bin_dsp\libCMSISDSP.a(arm_common_tables.c.obj)
                0x08026508                twiddleCoef_rfft_512
 .rodata.twiddleCoef_rfft_64
                0x08026d08      0x100 C:/Users/Cuba/Documents/uni/STM32/CMSIS-DSP/build/bin_dsp\libCMSISDSP.a(arm_common_tables.c.obj)
                0x08026d08                twiddleCoef_rfft_64
 .rodata.arm_cfft_sR_f32_len1024
                0x08026e08       0x10 C:/Users/Cuba/Documents/uni/STM32/CMSIS-DSP/build/bin_dsp\libCMSISDSP.a(arm_const_structs.c.obj)
                0x08026e08                arm_cfft_sR_f32_len1024
 .rodata.arm_cfft_sR_f32_len128
                0x08026e18       0x10 C:/Users/Cuba/Documents/uni/STM32/CMSIS-DSP/build/bin_dsp\libCMSISDSP.a(arm_const_structs.c.obj)
                0x08026e18                arm_cfft_sR_f32_len128
 .rodata.arm_cfft_sR_f32_len16
                0x08026e28       0x10 C:/Users/Cuba/Documents/uni/STM32/CMSIS-DSP/build/bin_dsp\libCMSISDSP.a(arm_const_structs.c.obj)
                0x08026e28                arm_cfft_sR_f32_len16
 .rodata.arm_cfft_sR_f32_len2048
                0x08026e38       0x10 C:/Users/Cuba/Documents/uni/STM32/CMSIS-DSP/build/bin_dsp\libCMSISDSP.a(arm_const_structs.c.obj)
                0x08026e38                arm_cfft_sR_f32_len2048
 .rodata.arm_cfft_sR_f32_len256
                0x08026e48       0x10 C:/Users/Cuba/Documents/uni/STM32/CMSIS-DSP/build/bin_dsp\libCMSISDSP.a(arm_const_structs.c.obj)
                0x08026e48                arm_cfft_sR_f32_len256
 .rodata.arm_cfft_sR_f32_len32
                0x08026e58       0x10 C:/Users/Cuba/Documents/uni/STM32/CMSIS-DSP/build/bin_dsp\libCMSISDSP.a(arm_const_structs.c.obj)
                0x08026e58                arm_cfft_sR_f32_len32
 .rodata.arm_cfft_sR_f32_len4096
                0x08026e68       0x10 C:/Users/Cuba/Documents/uni/STM32/CMSIS-DSP/build/bin_dsp\libCMSISDSP.a(arm_const_structs.c.obj)
                0x08026e68                arm_cfft_sR_f32_len4096
 .rodata.arm_cfft_sR_f32_len512
                0x08026e78       0x10 C:/Users/Cuba/Documents/uni/STM32/CMSIS-DSP/build/bin_dsp\libCMSISDSP.a(arm_const_structs.c.obj)
                0x08026e78                arm_cfft_sR_f32_len512
 .rodata.arm_cfft_sR_f32_len64
                0x08026e88       0x10 C:/Users/Cuba/Documents/uni/STM32/CMSIS-DSP/build/bin_dsp\libCMSISDSP.a(arm_const_structs.c.obj)
                0x08026e88                arm_cfft_sR_f32_len64
 .rodata.ln2LO  0x08026e98        0x8 C:/ST/STM32CubeCLT_1.17.0/GNU-tools-for-STM32/bin/../lib/gcc/arm-none-eabi/12.3.1/../../../../arm-none-eabi/lib/thumb/v7e-m+fp/hard\libm.a(libm_a-ef_exp.o)
 .rodata.ln2HI  0x08026ea0        0x8 C:/ST/STM32CubeCLT_1.17.0/GNU-tools-for-STM32/bin/../lib/gcc/arm-none-eabi/12.3.1/../../../../arm-none-eabi/lib/thumb/v7e-m+fp/hard\libm.a(libm_a-ef_exp.o)
 .rodata.halF   0x08026ea8        0x8 C:/ST/STM32CubeCLT_1.17.0/GNU-tools-for-STM32/bin/../lib/gcc/arm-none-eabi/12.3.1/../../../../arm-none-eabi/lib/thumb/v7e-m+fp/hard\libm.a(libm_a-ef_exp.o)
                0x08026eb0                        . = ALIGN (0x4)

.ARM.extab      0x08026eb0        0x0
                0x08026eb0                        . = ALIGN (0x4)
 *(.ARM.extab* .gnu.linkonce.armextab.*)
                0x08026eb0                        . = ALIGN (0x4)

.ARM            0x08026eb0        0x8
                0x08026eb0                        . = ALIGN (0x4)
                0x08026eb0                        __exidx_start = .
 *(.ARM.exidx*)
 .ARM.exidx     0x08026eb0        0x8 C:/ST/STM32CubeCLT_1.17.0/GNU-tools-for-STM32/bin/../lib/gcc/arm-none-eabi/12.3.1/../../../../arm-none-eabi/lib/thumb/v7e-m+fp/hard\libc_nano.a(libc_a-memchr.o)
 .ARM.exidx     0x08026eb8        0x0 C:/ST/STM32CubeCLT_1.17.0/GNU-tools-for-STM32/bin/../lib/gcc/arm-none-eabi/12.3.1/../../../../arm-none-eabi/lib/thumb/v7e-m+fp/hard\libc_nano.a(libc_a-strlen.o)
                                  0x8 (size before relaxing)
                0x08026eb8                        __exidx_end = .
                0x08026eb8                        . = ALIGN (0x4)

.rel.dyn        0x08026eb8        0x0
 .rel.iplt      0x08026eb8        0x0 C:/ST/STM32CubeCLT_1.17.0/GNU-tools-for-STM32/bin/../lib/gcc/arm-none-eabi/12.3.1/thumb/v7e-m+fp/hard/crtbegin.o

.preinit_array  0x08026eb8        0x0
                0x08026eb8                        . = ALIGN (0x4)
                0x08026eb8                        PROVIDE (__preinit_array_start = .)
 *(.preinit_array*)
                0x08026eb8                        PROVIDE (__preinit_array_end = .)
                0x08026eb8                        . = ALIGN (0x4)

.init_array     0x08026eb8        0x4
                0x08026eb8                        . = ALIGN (0x4)
                0x08026eb8                        PROVIDE (__init_array_start = .)
 *(SORT_BY_NAME(.init_array.*))
 *(.init_array*)
 .init_array    0x08026eb8        0x4 C:/ST/STM32CubeCLT_1.17.0/GNU-tools-for-STM32/bin/../lib/gcc/arm-none-eabi/12.3.1/thumb/v7e-m+fp/hard/crtbegin.o
                0x08026ebc                        PROVIDE (__init_array_end = .)
                0x08026ebc                        . = ALIGN (0x4)

.fini_array     0x08026ebc        0x4
                0x08026ebc                        . = ALIGN (0x4)
                [!provide]                        PROVIDE (__fini_array_start = .)
 *(SORT_BY_NAME(.fini_array.*))
 *(.fini_array*)
 .fini_array    0x08026ebc        0x4 C:/ST/STM32CubeCLT_1.17.0/GNU-tools-for-STM32/bin/../lib/gcc/arm-none-eabi/12.3.1/thumb/v7e-m+fp/hard/crtbegin.o
                [!provide]                        PROVIDE (__fini_array_end = .)
                0x08026ec0                        . = ALIGN (0x4)
                0x08026ec0                        _sidata = LOADADDR (.data)

.data           0x20000000      0x1d0 load address 0x08026ec0
                0x20000000                        . = ALIGN (0x4)
                0x20000000                        _sdata = .
 *(.data)
 *(.data*)
 .data.__sglue  0x20000000        0xc C:/ST/STM32CubeCLT_1.17.0/GNU-tools-for-STM32/bin/../lib/gcc/arm-none-eabi/12.3.1/../../../../arm-none-eabi/lib/thumb/v7e-m+fp/hard\libc_nano.a(libc_a-findfp.o)
                0x20000000                __sglue
 .data._impure_ptr
                0x2000000c        0x4 C:/ST/STM32CubeCLT_1.17.0/GNU-tools-for-STM32/bin/../lib/gcc/arm-none-eabi/12.3.1/../../../../arm-none-eabi/lib/thumb/v7e-m+fp/hard\libc_nano.a(libc_a-impure.o)
                0x2000000c                _impure_ptr
 .data._impure_data
                0x20000010       0x4c C:/ST/STM32CubeCLT_1.17.0/GNU-tools-for-STM32/bin/../lib/gcc/arm-none-eabi/12.3.1/../../../../arm-none-eabi/lib/thumb/v7e-m+fp/hard\libc_nano.a(libc_a-impure.o)
                0x20000010                _impure_data
 .data.__global_locale
                0x2000005c      0x16c C:/ST/STM32CubeCLT_1.17.0/GNU-tools-for-STM32/bin/../lib/gcc/arm-none-eabi/12.3.1/../../../../arm-none-eabi/lib/thumb/v7e-m+fp/hard\libc_nano.a(libc_a-locale.o)
                0x2000005c                __global_locale
 .data.supports_ext_stdout_stderr
                0x200001c8        0x4 C:/ST/STM32CubeCLT_1.17.0/GNU-tools-for-STM32/bin/../lib/gcc/arm-none-eabi/12.3.1/../../../../arm-none-eabi/lib/thumb/v7e-m+fp/hard\librdimon_nano.a(arm_librdimon_a-syscalls.o)
 .data.supports_ext_exit_extended
                0x200001cc        0x4 C:/ST/STM32CubeCLT_1.17.0/GNU-tools-for-STM32/bin/../lib/gcc/arm-none-eabi/12.3.1/../../../../arm-none-eabi/lib/thumb/v7e-m+fp/hard\librdimon_nano.a(arm_librdimon_a-syscalls.o)
 *(.RamFunc)
 *(.RamFunc*)
                0x200001d0                        . = ALIGN (0x4)
                0x200001d0                        _edata = .
                0x08027090                        _sisram2 = LOADADDR (.sram2)

.igot.plt       0x200001d0        0x0 load address 0x08027090
 .igot.plt      0x200001d0        0x0 C:/ST/STM32CubeCLT_1.17.0/GNU-tools-for-STM32/bin/../lib/gcc/arm-none-eabi/12.3.1/thumb/v7e-m+fp/hard/crtbegin.o

.sram2          0x10000000        0x0 load address 0x08027090
                0x10000000                        . = ALIGN (0x4)
                0x10000000                        _ssram2 = .
 *(.sram2)
 *(.sram2*)
                0x10000000                        . = ALIGN (0x4)
                0x10000000                        _esram2 = .
                0x10000000                        . = ALIGN (0x4)

.bss            0x200001d0      0x210
                0x200001d0                        _sbss = .
                0x200001d0                        __bss_start__ = _sbss
 *(.bss)
 .bss           0x200001d0       0x1c C:/ST/STM32CubeCLT_1.17.0/GNU-tools-for-STM32/bin/../lib/gcc/arm-none-eabi/12.3.1/thumb/v7e-m+fp/hard/crtbegin.o
 *(.bss*)
 .bss.__sf      0x200001ec      0x138 C:/ST/STM32CubeCLT_1.17.0/GNU-tools-for-STM32/bin/../lib/gcc/arm-none-eabi/12.3.1/../../../../arm-none-eabi/lib/thumb/v7e-m+fp/hard\libc_nano.a(libc_a-findfp.o)
                0x200001ec                __sf
 .bss.__stdio_exit_handler
                0x20000324        0x4 C:/ST/STM32CubeCLT_1.17.0/GNU-tools-for-STM32/bin/../lib/gcc/arm-none-eabi/12.3.1/../../../../arm-none-eabi/lib/thumb/v7e-m+fp/hard\libc_nano.a(libc_a-findfp.o)
                0x20000324                __stdio_exit_handler
 .bss.errno     0x20000328        0x4 C:/ST/STM32CubeCLT_1.17.0/GNU-tools-for-STM32/bin/../lib/gcc/arm-none-eabi/12.3.1/../../../../arm-none-eabi/lib/thumb/v7e-m+fp/hard\libc_nano.a(libc_a-reent.o)
                0x20000328                errno
 .bss.__lock___malloc_recursive_mutex
                0x2000032c        0x1 C:/ST/STM32CubeCLT_1.17.0/GNU-tools-for-STM32/bin/../lib/gcc/arm-none-eabi/12.3.1/../../../../arm-none-eabi/lib/thumb/v7e-m+fp/hard\libc_nano.a(libc_a-lock.o)
                0x2000032c                __lock___malloc_recursive_mutex
 .bss.__lock___sfp_recursive_mutex
                0x2000032d        0x1 C:/ST/STM32CubeCLT_1.17.0/GNU-tools-for-STM32/bin/../lib/gcc/arm-none-eabi/12.3.1/../../../../arm-none-eabi/lib/thumb/v7e-m+fp/hard\libc_nano.a(libc_a-lock.o)
                0x2000032d                __lock___sfp_recursive_mutex
 *fill*         0x2000032e        0x2 
 .bss.__malloc_sbrk_start
                0x20000330        0x4 C:/ST/STM32CubeCLT_1.17.0/GNU-tools-for-STM32/bin/../lib/gcc/arm-none-eabi/12.3.1/../../../../arm-none-eabi/lib/thumb/v7e-m+fp/hard\libc_nano.a(libc_a-mallocr.o)
                0x20000330                __malloc_sbrk_start
 .bss.__malloc_free_list
                0x20000334        0x4 C:/ST/STM32CubeCLT_1.17.0/GNU-tools-for-STM32/bin/../lib/gcc/arm-none-eabi/12.3.1/../../../../arm-none-eabi/lib/thumb/v7e-m+fp/hard\libc_nano.a(libc_a-mallocr.o)
                0x20000334                __malloc_free_list
 .bss.__sbrk_heap_end
                0x20000338        0x4 CMakeFiles/STM32L432KC.dir/Core/Src/sysmem.c.obj
 .bss.msTicks   0x2000033c        0x4 CMakeFiles/STM32L432KC.dir/Peripherals/Src/rcc.c.obj
 .bss.openfiles
                0x20000340       0xa0 C:/ST/STM32CubeCLT_1.17.0/GNU-tools-for-STM32/bin/../lib/gcc/arm-none-eabi/12.3.1/../../../../arm-none-eabi/lib/thumb/v7e-m+fp/hard\librdimon_nano.a(arm_librdimon_a-syscalls.o)
 *(COMMON)
                0x200003e0                        . = ALIGN (0x4)
                0x200003e0                        _ebss = .
                0x200003e0                        __bss_end__ = _ebss

._user_heap_stack
                0x200003e0      0x600
                0x200003e0                        . = ALIGN (0x8)
                0x200003e0                        PROVIDE (end = .)
                0x200003e0                        PROVIDE (_end = .)
                0x200005e0                        . = (. + _Min_Heap_Size)
 *fill*         0x200003e0      0x200 
                0x200009e0                        . = (. + _Min_Stack_Size)
 *fill*         0x200005e0      0x400 
                0x200009e0                        . = ALIGN (0x8)

/DISCARD/
 libc.a(*)
 libm.a(*)
 libgcc.a(*)

.ARM.attributes
                0x00000000       0x30
 *(.ARM.attributes)
 .ARM.attributes
                0x00000000       0x22 C:/ST/STM32CubeCLT_1.17.0/GNU-tools-for-STM32/bin/../lib/gcc/arm-none-eabi/12.3.1/thumb/v7e-m+fp/hard/crti.o
 .ARM.attributes
                0x00000022       0x34 C:/ST/STM32CubeCLT_1.17.0/GNU-tools-for-STM32/bin/../lib/gcc/arm-none-eabi/12.3.1/thumb/v7e-m+fp/hard/crtbegin.o
 .ARM.attributes
                0x00000056       0x34 C:/ST/STM32CubeCLT_1.17.0/GNU-tools-for-STM32/bin/../lib/gcc/arm-none-eabi/12.3.1/../../../../arm-none-eabi/lib/thumb/v7e-m+fp/hard\libc_nano.a(libc_a-nano-vfprintf_float.o)
 .ARM.attributes
                0x0000008a       0x34 C:/ST/STM32CubeCLT_1.17.0/GNU-tools-for-STM32/bin/../lib/gcc/arm-none-eabi/12.3.1/../../../../arm-none-eabi/lib/thumb/v7e-m+fp/hard\libc_nano.a(libc_a-nano-vfprintf_i.o)
 .ARM.attributes
                0x000000be       0x34 C:/ST/STM32CubeCLT_1.17.0/GNU-tools-for-STM32/bin/../lib/gcc/arm-none-eabi/12.3.1/../../../../arm-none-eabi/lib/thumb/v7e-m+fp/hard\libc_nano.a(libc_a-nano-vfscanf_float.o)
 .ARM.attributes
                0x000000f2       0x34 C:/ST/STM32CubeCLT_1.17.0/GNU-tools-for-STM32/bin/../lib/gcc/arm-none-eabi/12.3.1/../../../../arm-none-eabi/lib/thumb/v7e-m+fp/hard\libc_nano.a(libc_a-findfp.o)
 .ARM.attributes
                0x00000126       0x34 C:/ST/STM32CubeCLT_1.17.0/GNU-tools-for-STM32/bin/../lib/gcc/arm-none-eabi/12.3.1/../../../../arm-none-eabi/lib/thumb/v7e-m+fp/hard\libc_nano.a(libc_a-fwalk.o)
 .ARM.attributes
                0x0000015a       0x34 C:/ST/STM32CubeCLT_1.17.0/GNU-tools-for-STM32/bin/../lib/gcc/arm-none-eabi/12.3.1/../../../../arm-none-eabi/lib/thumb/v7e-m+fp/hard\libc_nano.a(libc_a-sprintf.o)
 .ARM.attributes
                0x0000018e       0x34 C:/ST/STM32CubeCLT_1.17.0/GNU-tools-for-STM32/bin/../lib/gcc/arm-none-eabi/12.3.1/../../../../arm-none-eabi/lib/thumb/v7e-m+fp/hard\libc_nano.a(libc_a-stdio.o)
 .ARM.attributes
                0x000001c2       0x34 C:/ST/STM32CubeCLT_1.17.0/GNU-tools-for-STM32/bin/../lib/gcc/arm-none-eabi/12.3.1/../../../../arm-none-eabi/lib/thumb/v7e-m+fp/hard\libc_nano.a(libc_a-memset.o)
 .ARM.attributes
                0x000001f6       0x34 C:/ST/STM32CubeCLT_1.17.0/GNU-tools-for-STM32/bin/../lib/gcc/arm-none-eabi/12.3.1/../../../../arm-none-eabi/lib/thumb/v7e-m+fp/hard\libc_nano.a(libc_a-localeconv.o)
 .ARM.attributes
                0x0000022a       0x34 C:/ST/STM32CubeCLT_1.17.0/GNU-tools-for-STM32/bin/../lib/gcc/arm-none-eabi/12.3.1/../../../../arm-none-eabi/lib/thumb/v7e-m+fp/hard\libc_nano.a(libc_a-closer.o)
 .ARM.attributes
                0x0000025e       0x34 C:/ST/STM32CubeCLT_1.17.0/GNU-tools-for-STM32/bin/../lib/gcc/arm-none-eabi/12.3.1/../../../../arm-none-eabi/lib/thumb/v7e-m+fp/hard\libc_nano.a(libc_a-reent.o)
 .ARM.attributes
                0x00000292       0x34 C:/ST/STM32CubeCLT_1.17.0/GNU-tools-for-STM32/bin/../lib/gcc/arm-none-eabi/12.3.1/../../../../arm-none-eabi/lib/thumb/v7e-m+fp/hard\libc_nano.a(libc_a-impure.o)
 .ARM.attributes
                0x000002c6       0x34 C:/ST/STM32CubeCLT_1.17.0/GNU-tools-for-STM32/bin/../lib/gcc/arm-none-eabi/12.3.1/../../../../arm-none-eabi/lib/thumb/v7e-m+fp/hard\libc_nano.a(libc_a-lseekr.o)
 .ARM.attributes
                0x000002fa       0x34 C:/ST/STM32CubeCLT_1.17.0/GNU-tools-for-STM32/bin/../lib/gcc/arm-none-eabi/12.3.1/../../../../arm-none-eabi/lib/thumb/v7e-m+fp/hard\libc_nano.a(libc_a-readr.o)
 .ARM.attributes
                0x0000032e       0x34 C:/ST/STM32CubeCLT_1.17.0/GNU-tools-for-STM32/bin/../lib/gcc/arm-none-eabi/12.3.1/../../../../arm-none-eabi/lib/thumb/v7e-m+fp/hard\libc_nano.a(libc_a-writer.o)
 .ARM.attributes
                0x00000362       0x34 C:/ST/STM32CubeCLT_1.17.0/GNU-tools-for-STM32/bin/../lib/gcc/arm-none-eabi/12.3.1/../../../../arm-none-eabi/lib/thumb/v7e-m+fp/hard\libc_nano.a(libc_a-init.o)
 .ARM.attributes
                0x00000396       0x34 C:/ST/STM32CubeCLT_1.17.0/GNU-tools-for-STM32/bin/../lib/gcc/arm-none-eabi/12.3.1/../../../../arm-none-eabi/lib/thumb/v7e-m+fp/hard\libc_nano.a(libc_a-lock.o)
 .ARM.attributes
                0x000003ca       0x1c C:/ST/STM32CubeCLT_1.17.0/GNU-tools-for-STM32/bin/../lib/gcc/arm-none-eabi/12.3.1/../../../../arm-none-eabi/lib/thumb/v7e-m+fp/hard\libc_nano.a(libc_a-memchr.o)
 .ARM.attributes
                0x000003e6       0x17 C:/ST/STM32CubeCLT_1.17.0/GNU-tools-for-STM32/bin/../lib/gcc/arm-none-eabi/12.3.1/../../../../arm-none-eabi/lib/thumb/v7e-m+fp/hard\libc_nano.a(libc_a-strlen.o)
 .ARM.attributes
                0x000003fd       0x34 C:/ST/STM32CubeCLT_1.17.0/GNU-tools-for-STM32/bin/../lib/gcc/arm-none-eabi/12.3.1/../../../../arm-none-eabi/lib/thumb/v7e-m+fp/hard\libc_nano.a(libm_a-sf_nan.o)
 .ARM.attributes
                0x00000431       0x34 C:/ST/STM32CubeCLT_1.17.0/GNU-tools-for-STM32/bin/../lib/gcc/arm-none-eabi/12.3.1/../../../../arm-none-eabi/lib/thumb/v7e-m+fp/hard\libc_nano.a(libc_a-dtoa.o)
 .ARM.attributes
                0x00000465       0x34 C:/ST/STM32CubeCLT_1.17.0/GNU-tools-for-STM32/bin/../lib/gcc/arm-none-eabi/12.3.1/../../../../arm-none-eabi/lib/thumb/v7e-m+fp/hard\libc_nano.a(libc_a-freer.o)
 .ARM.attributes
                0x00000499       0x34 C:/ST/STM32CubeCLT_1.17.0/GNU-tools-for-STM32/bin/../lib/gcc/arm-none-eabi/12.3.1/../../../../arm-none-eabi/lib/thumb/v7e-m+fp/hard\libc_nano.a(libc_a-malloc.o)
 .ARM.attributes
                0x000004cd       0x34 C:/ST/STM32CubeCLT_1.17.0/GNU-tools-for-STM32/bin/../lib/gcc/arm-none-eabi/12.3.1/../../../../arm-none-eabi/lib/thumb/v7e-m+fp/hard\libc_nano.a(libc_a-mallocr.o)
 .ARM.attributes
                0x00000501       0x34 C:/ST/STM32CubeCLT_1.17.0/GNU-tools-for-STM32/bin/../lib/gcc/arm-none-eabi/12.3.1/../../../../arm-none-eabi/lib/thumb/v7e-m+fp/hard\libc_nano.a(libc_a-mlock.o)
 .ARM.attributes
                0x00000535       0x34 C:/ST/STM32CubeCLT_1.17.0/GNU-tools-for-STM32/bin/../lib/gcc/arm-none-eabi/12.3.1/../../../../arm-none-eabi/lib/thumb/v7e-m+fp/hard\libc_nano.a(libc_a-mprec.o)
 .ARM.attributes
                0x00000569       0x34 C:/ST/STM32CubeCLT_1.17.0/GNU-tools-for-STM32/bin/../lib/gcc/arm-none-eabi/12.3.1/../../../../arm-none-eabi/lib/thumb/v7e-m+fp/hard\libc_nano.a(libc_a-strtod.o)
 .ARM.attributes
                0x0000059d       0x34 C:/ST/STM32CubeCLT_1.17.0/GNU-tools-for-STM32/bin/../lib/gcc/arm-none-eabi/12.3.1/../../../../arm-none-eabi/lib/thumb/v7e-m+fp/hard\libc_nano.a(libc_a-strtol.o)
 .ARM.attributes
                0x000005d1       0x34 C:/ST/STM32CubeCLT_1.17.0/GNU-tools-for-STM32/bin/../lib/gcc/arm-none-eabi/12.3.1/../../../../arm-none-eabi/lib/thumb/v7e-m+fp/hard\libc_nano.a(libc_a-ctype_.o)
 .ARM.attributes
                0x00000605       0x34 C:/ST/STM32CubeCLT_1.17.0/GNU-tools-for-STM32/bin/../lib/gcc/arm-none-eabi/12.3.1/../../../../arm-none-eabi/lib/thumb/v7e-m+fp/hard\libc_nano.a(libc_a-nano-svfprintf.o)
 .ARM.attributes
                0x00000639       0x34 C:/ST/STM32CubeCLT_1.17.0/GNU-tools-for-STM32/bin/../lib/gcc/arm-none-eabi/12.3.1/../../../../arm-none-eabi/lib/thumb/v7e-m+fp/hard\libc_nano.a(libc_a-fflush.o)
 .ARM.attributes
                0x0000066d       0x34 C:/ST/STM32CubeCLT_1.17.0/GNU-tools-for-STM32/bin/../lib/gcc/arm-none-eabi/12.3.1/../../../../arm-none-eabi/lib/thumb/v7e-m+fp/hard\libc_nano.a(libc_a-memmove.o)
 .ARM.attributes