../Application/SDCard/fatfs_sd.c:26:13:SELECT	8	static
../Application/SDCard/fatfs_sd.c:32:13:DESELECT	8	static
../Application/SDCard/fatfs_sd.c:38:13:SPI_TxByte	16	static
../Application/SDCard/fatfs_sd.c:43:13:SPI_TxBuffer	16	static
../Application/SDCard/fatfs_sd.c:48:16:SPI_RxByte	16	static
../Application/SDCard/fatfs_sd.c:58:13:SPI_RxBytePtr	16	static
../Application/SDCard/fatfs_sd.c:67:16:SD_ReadyWait	16	static
../Application/SDCard/fatfs_sd.c:82:13:SD_PowerOn	24	static
../Application/SDCard/fatfs_sd.c:117:13:SD_PowerOff	4	static
../Application/SDCard/fatfs_sd.c:122:16:SD_CheckPower	4	static
../Application/SDCard/fatfs_sd.c:127:13:SD_RxDataBlock	24	static
../Application/SDCard/fatfs_sd.c:156:13:SD_TxDataBlock	24	static
../Application/SDCard/fatfs_sd.c:199:13:SD_SendCmd	24	static
../Application/SDCard/fatfs_sd.c:242:9:SD_disk_initialize	32	static
../Application/SDCard/fatfs_sd.c:334:9:SD_disk_status	16	static
../Application/SDCard/fatfs_sd.c:341:9:SD_disk_read	24	static
../Application/SDCard/fatfs_sd.c:383:9:SD_disk_write	24	static
../Application/SDCard/fatfs_sd.c:436:9:SD_disk_ioctl	56	static
