../Application/SDCard/sd_driver.c:23:13:SELECT	8	static
../Application/SDCard/sd_driver.c:29:13:DESELECT	8	static
../Application/SDCard/sd_driver.c:35:13:SPI_TxByte	16	static
../Application/SDCard/sd_driver.c:41:16:SPI_RxByte	16	static
../Application/SDCard/sd_driver.c:50:13:SPI_RxBytePtr	16	static
../Application/SDCard/sd_driver.c:56:16:SD_ReadyWait	16	static
../Application/SDCard/sd_driver.c:72:13:SD_PowerOn	32	static
../Application/SDCard/sd_driver.c:113:13:SD_PowerOff	4	static
../Application/SDCard/sd_driver.c:119:16:SD_CheckPower	4	static
../Application/SDCard/sd_driver.c:126:13:SD_RxDataBlock	24	static
../Application/SDCard/sd_driver.c:156:13:SD_TxDataBlock	24	static
../Application/SDCard/sd_driver.c:204:16:SD_SendCmd	24	static
../Application/SDCard/sd_driver.c:244:6:sd_driver_ll_getSectorCount	40	static
../Application/SDCard/sd_driver.c:273:6:sd_driver_ll_getSectorSize	16	static
../Application/SDCard/sd_driver.c:279:6:sd_driver_ll_controlPower	16	static
../Application/SDCard/sd_driver.c:290:6:sd_driver_ll_getPowerState	8	static
../Application/SDCard/sd_driver.c:295:6:sd_driver_ll_sync	16	static
../Application/SDCard/sd_driver.c:308:6:sd_driver_ll_getCSD	24	static
../Application/SDCard/sd_driver.c:323:6:sd_driver_ll_getCID	24	static
../Application/SDCard/sd_driver.c:338:6:sd_driver_ll_getOCR	40	static
../Application/SDCard/sd_driver.c:360:14:sd_driver_init	32	static
../Application/SDCard/sd_driver.c:455:12:sd_driver_getState	4	static
../Application/SDCard/sd_driver.c:463:6:sd_driver_getSizeInfo	16	static
../Application/SDCard/sd_driver.c:472:6:sd_driver_readBlocks	24	static
../Application/SDCard/sd_driver.c:510:6:sd_driver_writeBlocks	24	static
