../Middleware/FatFs/ff.c:613:13:ld_word	24	static
../Middleware/FatFs/ff.c:622:14:ld_dword	24	static
../Middleware/FatFs/ff.c:634:14:ld_qword	144	static
../Middleware/FatFs/ff.c:651:13:st_word	16	static
../Middleware/FatFs/ff.c:657:13:st_dword	16	static
../Middleware/FatFs/ff.c:666:13:st_qword	24	static
../Middleware/FatFs/ff.c:690:20:memset_32	24	static,ignoring_inline_asm
../Middleware/FatFs/ff.c:706:20:mem_set	24	static,ignoring_inline_asm
../Middleware/FatFs/ff.c:722:20:mem_cpy	24	static,ignoring_inline_asm
../Middleware/FatFs/ff.c:740:12:str_chr	16	static,ignoring_inline_asm
../Middleware/FatFs/ff.c:758:12:mem_cmp	40	static,ignoring_inline_asm
../Middleware/FatFs/ff.c:784:12:dbc_1st	16	static
../Middleware/FatFs/ff.c:804:12:dbc_2nd	16	static
../Middleware/FatFs/ff.c:828:14:tchar2uni	32	static
../Middleware/FatFs/ff.c:897:13:put_utf	32	static
../Middleware/FatFs/ff.c:1147:16:sync_window	24	static
../Middleware/FatFs/ff.c:1169:16:move_window	24	static
../Middleware/FatFs/ff.c:1200:16:sync_fs	24	static
../Middleware/FatFs/ff.c:1240:14:clst2sect	16	static
../Middleware/FatFs/ff.c:1257:14:get_fat	40	static
../Middleware/FatFs/ff.c:1335:16:put_fat	48	static
../Middleware/FatFs/ff.c:1400:14:find_bitmap	48	static
../Middleware/FatFs/ff.c:1440:16:change_bitmap	40	static
../Middleware/FatFs/ff.c:1476:16:fill_first_frag	32	static
../Middleware/FatFs/ff.c:1499:16:fill_last_frag	32	static
../Middleware/FatFs/ff.c:1525:16:remove_chain	48	static
../Middleware/FatFs/ff.c:1620:14:create_chain	40	static
../Middleware/FatFs/ff.c:1754:16:dir_clear	32	static
../Middleware/FatFs/ff.c:1797:16:dir_sdi	32	static
../Middleware/FatFs/ff.c:1845:16:dir_next	32	static
../Middleware/FatFs/ff.c:1906:16:dir_alloc	32	static
../Middleware/FatFs/ff.c:1948:14:ld_clust	24	static
../Middleware/FatFs/ff.c:1965:13:st_clust	24	static
../Middleware/FatFs/ff.c:1985:12:cmp_lfn	40	static
../Middleware/FatFs/ff.c:2021:12:pick_lfn	32	static
../Middleware/FatFs/ff.c:2059:13:put_lfn	40	static
../Middleware/FatFs/ff.c:2096:13:gen_numname	56	static
../Middleware/FatFs/ff.c:2153:13:sum_sfn	24	static
../Middleware/FatFs/ff.c:2175:13:xdir_sum	32	static
../Middleware/FatFs/ff.c:2196:13:xname_sum	24	static
../Middleware/FatFs/ff.c:2230:16:load_xdir	40	static
../Middleware/FatFs/ff.c:2281:13:init_alloc_info	16	static
../Middleware/FatFs/ff.c:2299:16:load_obj_xdir	32	static
../Middleware/FatFs/ff.c:2328:16:store_xdir	40	static
../Middleware/FatFs/ff.c:2360:13:create_xdir	32	static
../Middleware/FatFs/ff.c:2406:16:dir_read	32	static
../Middleware/FatFs/ff.c:2484:16:dir_find	48	static
../Middleware/FatFs/ff.c:2565:16:dir_register	152	static
../Middleware/FatFs/ff.c:2675:16:dir_remove	32	static
../Middleware/FatFs/ff.c:2721:13:get_fileinfo	56	static
../Middleware/FatFs/ff.c:2951:16:create_name	48	static
../Middleware/FatFs/ff.c:3155:16:follow_path	32	static
../Middleware/FatFs/ff.c:3242:12:get_ldnumber	40	static
../Middleware/FatFs/ff.c:3395:13:check_fs	24	static
../Middleware/FatFs/ff.c:3435:13:find_volume	40	static
../Middleware/FatFs/ff.c:3489:16:mount_volume	136	static
../Middleware/FatFs/ff.c:3717:16:validate	24	static
../Middleware/FatFs/ff.c:3761:9:f_mount	40	static
../Middleware/FatFs/ff.c:3821:9:f_open	184	static
../Middleware/FatFs/ff.c:4022:9:f_read	120	static
../Middleware/FatFs/ff.c:4122:9:f_write	88	static
../Middleware/FatFs/ff.c:4243:9:f_sync	112	static
../Middleware/FatFs/ff.c:4324:9:f_close	24	static
../Middleware/FatFs/ff.c:4541:9:f_lseek	192	static
../Middleware/FatFs/ff.c:4705:9:f_opendir	24	static
../Middleware/FatFs/ff.c:4771:9:f_closedir	24	static
../Middleware/FatFs/ff.c:4801:9:f_readdir	24	static
../Middleware/FatFs/ff.c:4889:9:f_stat	104	static
../Middleware/FatFs/ff.c:4924:9:f_getfree	112	static
../Middleware/FatFs/ff.c:5020:9:f_truncate	32	static
../Middleware/FatFs/ff.c:5070:9:f_unlink	240	static
../Middleware/FatFs/ff.c:5164:9:f_mkdir	168	static
../Middleware/FatFs/ff.c:5248:9:f_rename	272	static
